 zlibwapi

 Timestamp is 5974b4d5 (Sun Jul 23 15:38:13 2017)

 Preferred load address is 10000000

 Start         Length     Name                   Class
 0001:00000000 0004f439H .text$mn                CODE
 0002:00000000 00000160H .idata$5                DATA
 0002:00000160 00000004H .00cfg                  DATA
 0002:00000164 00000004H .CRT$XCA                DATA
 0002:00000168 00000004H .CRT$XCZ                DATA
 0002:0000016c 00000004H .CRT$XIA                DATA
 0002:00000170 0000000cH .CRT$XIC                DATA
 0002:0000017c 00000004H .CRT$XIZ                DATA
 0002:00000180 00000004H .CRT$XPA                DATA
 0002:00000184 00000008H .CRT$XPX                DATA
 0002:0000018c 00000004H .CRT$XPXA               DATA
 0002:00000190 00000004H .CRT$XPZ                DATA
 0002:00000194 00000004H .CRT$XTA                DATA
 0002:00000198 00000008H .CRT$XTZ                DATA
 0002:0000019c 00000000H .gfids$y                DATA
 0002:000001a0 0000b4b8H .rdata                  DATA
 0002:0000b658 0000020cH .rdata$r                DATA
 0002:0000b864 00000300H .rdata$zzzdbg           DATA
 0002:0000bb64 00000004H .rtc$IAA                DATA
 0002:0000bb68 00000004H .rtc$IZZ                DATA
 0002:0000bb6c 00000004H .rtc$TAA                DATA
 0002:0000bb70 00000008H .rtc$TZZ                DATA
 0002:0000bb78 000008e8H .xdata$x                DATA
 0002:0000c460 00000cfcH .edata                  DATA
 0002:0000d15c 00000014H .idata$2                DATA
 0002:0000d170 00000014H .idata$3                DATA
 0002:0000d184 00000160H .idata$4                DATA
 0002:0000d2e4 00000670H .idata$6                DATA
 0003:00000000 000008b0H .data                   DATA
 0003:000008b0 000000b8H .data$r                 DATA
 0003:00000968 000012c0H .bss                    DATA
 0004:00000000 00000060H .rsrc$01                DATA
 0004:00000060 00000338H .rsrc$02                DATA

  Address         Publics by Value              Rva+Base       Lib:Object

 0000:00000000       ___guard_fids_count        00000000     <absolute>
 0000:00000000       __except_list              00000000     <absolute>
 0000:00000000       ___guard_iat_count         00000000     <absolute>
 0000:00000000       ___guard_fids_table        00000000     <absolute>
 0000:00000000       ___safe_se_handler_count   00000000     <absolute>
 0000:00000000       ___guard_longjmp_table     00000000     <absolute>
 0000:00000000       ___dynamic_value_reloc_table 00000000     <absolute>
 0000:00000000       ___guard_longjmp_count     00000000     <absolute>
 0000:00000000       ___guard_iat_table         00000000     <absolute>
 0000:00000000       ___safe_se_handler_table   00000000     <absolute>
 0000:00000100       ___guard_flags             00000100     <absolute>
 0000:00000000       ___ImageBase               10000000     <linker-defined>
 0001:00000000       _adler32_z@12              10001000 f   adler32.obj
 0001:00000280       _adler32@12                10001280 f   adler32.obj
 0001:00000350       _adler32_combine@12        10001350 f   adler32.obj
 0001:00000370       _compress2@20              10001370 f   compress.obj
 0001:00000450       _compress@16               10001450 f   compress.obj
 0001:00000470       _compressBound@4           10001470 f   compress.obj
 0001:00000490       _get_crc_table@0           10001490 f   crc32.obj
 0001:000004a0       _crc32_z@12                100014a0 f   crc32.obj
 0001:000004d0       _crc32@12                  100014d0 f   crc32.obj
 0001:00000ba0       _crc32_combine@12          10001ba0 f   crc32.obj
 0001:00000c10       _deflateInit_@16           10001c10 f   deflate.obj
 0001:00000c30       _deflateInit2_@32          10001c30 f   deflate.obj
 0001:00000ed0       _deflateSetDictionary@12   10001ed0 f   deflate.obj
 0001:00001080       _deflateGetDictionary@12   10002080 f   deflate.obj
 0001:000010e0       _deflateResetKeep@4        100020e0 f   deflate.obj
 0001:00001190       _deflateReset@4            10002190 f   deflate.obj
 0001:000011c0       _deflateSetHeader@8        100021c0 f   deflate.obj
 0001:000011f0       _deflatePending@12         100021f0 f   deflate.obj
 0001:00001230       _deflatePrime@12           10002230 f   deflate.obj
 0001:000012c0       _deflateParams@12          100022c0 f   deflate.obj
 0001:00001410       _deflateTune@20            10002410 f   deflate.obj
 0001:00001460       _deflateBound@8            10002460 f   deflate.obj
 0001:000015d0       _deflate@8                 100025d0 f   deflate.obj
 0001:00001e60       _deflateEnd@4              10002e60 f   deflate.obj
 0001:00001f00       _deflateCopy@8             10002f00 f   deflate.obj
 0001:000031f0       _gzclose@4                 100041f0 f   gzclose.obj
 0001:00003220       ___local_stdio_printf_options 10004220 f i gzlib.obj
 0001:00003230       _vsnprintf                 10004230 f i gzlib.obj
 0001:00003270       _snprintf                  10004270 f i gzlib.obj
 0001:00003620       _gzopen@8                  10004620 f   gzlib.obj
 0001:00003640       _gzdopen@8                 10004640 f   gzlib.obj
 0001:000036a0       _gzopen_w@8                100046a0 f   gzlib.obj
 0001:000036c0       _gzbuffer@8                100046c0 f   gzlib.obj
 0001:00003710       _gzrewind@4                10004710 f   gzlib.obj
 0001:00003770       _gzseek64@16               10004770 f   gzlib.obj
 0001:00003900       _gzseek@12                 10004900 f   gzlib.obj
 0001:00003940       _gztell64@4                10004940 f   gzlib.obj
 0001:000039a0       _gztell@4                  100049a0 f   gzlib.obj
 0001:000039d0       _gzoffset64@4              100049d0 f   gzlib.obj
 0001:00003a20       _gzoffset@4                10004a20 f   gzlib.obj
 0001:00003a50       _gzeof@4                   10004a50 f   gzlib.obj
 0001:00003a90       _gzerror@8                 10004a90 f   gzlib.obj
 0001:00003ae0       _gzclearerr@4              10004ae0 f   gzlib.obj
 0001:00003b20       _gz_error                  10004b20 f   gzlib.obj
 0001:000041d0       _gzread@12                 100051d0 f   gzread.obj
 0001:00004240       _gzfread@16                10005240 f   gzread.obj
 0001:000042c0       _gzgetc@4                  100052c0 f   gzread.obj
 0001:00004330       _gzgetc_@4                 10005330 f   gzread.obj
 0001:00004340       _gzungetc@8                10005340 f   gzread.obj
 0001:00004420       _gzgets@12                 10005420 f   gzread.obj
 0001:00004540       _gzdirect@4                10005540 f   gzread.obj
 0001:00004580       _gzclose_r@4               10005580 f   gzread.obj
 0001:000049e0       _gzwrite@12                100059e0 f   gzwrite.obj
 0001:00004a30       _gzfwrite@16               10005a30 f   gzwrite.obj
 0001:00004aa0       _gzputc@8                  10005aa0 f   gzwrite.obj
 0001:00004b70       _gzputs@8                  10005b70 f   gzwrite.obj
 0001:00004bc0       _gzvprintf                 10005bc0 f   gzwrite.obj
 0001:00004cf0       _gzprintf                  10005cf0 f   gzwrite.obj
 0001:00004d10       _gzflush@8                 10005d10 f   gzwrite.obj
 0001:00004d80       _gzsetparams@12            10005d80 f   gzwrite.obj
 0001:00004e40       _gzclose_w@4               10005e40 f   gzwrite.obj
 0001:00004f10       _inflateBackInit_@20       10005f10 f   infback.obj
 0001:00005010       _inflateBack@20            10006010 f   infback.obj
 0001:00005da0       _inflateBackEnd@4          10006da0 f   infback.obj
 0001:00005e20       _inflateResetKeep@4        10006e20 f   inflate.obj
 0001:00005ec0       _inflateReset@4            10006ec0 f   inflate.obj
 0001:00005f00       _inflateReset2@8           10006f00 f   inflate.obj
 0001:00005f90       _inflateInit2_@16          10006f90 f   inflate.obj
 0001:00006060       _inflateInit_@12           10007060 f   inflate.obj
 0001:00006080       _inflatePrime@12           10007080 f   inflate.obj
 0001:00006210       _inflate@8                 10007210 f   inflate.obj
 0001:00007970       _inflateEnd@4              10008970 f   inflate.obj
 0001:000079c0       _inflateGetDictionary@12   100089c0 f   inflate.obj
 0001:00007a30       _inflateSetDictionary@12   10008a30 f   inflate.obj
 0001:00007ae0       _inflateGetHeader@8        10008ae0 f   inflate.obj
 0001:00007ba0       _inflateSync@4             10008ba0 f   inflate.obj
 0001:00007c90       _inflateSyncPoint@4        10008c90 f   inflate.obj
 0001:00007cd0       _inflateCopy@8             10008cd0 f   inflate.obj
 0001:00007e20       _inflateUndermine@8        10008e20 f   inflate.obj
 0001:00007e50       _inflateValidate@8         10008e50 f   inflate.obj
 0001:00007e90       _inflateMark@4             10008e90 f   inflate.obj
 0001:00007f00       _inflateCodesUsed@4        10008f00 f   inflate.obj
 0001:00007f30       _inflate_table             10008f30 f   inftrees.obj
 0001:00008330       _call_zopen64              10009330 f   ioapi.obj
 0001:00008350       _call_zseek64              10009350 f   ioapi.obj
 0001:000083a0       _call_ztell64              100093a0 f   ioapi.obj
 0001:000083d0       _fill_zlib_filefunc64_32_def_from_filefunc32 100093d0 f   ioapi.obj
 0001:000085e0       _fill_fopen64_filefunc     100095e0 f   ioapi.obj
 0001:000086d0       _win32_open64_file_func    100096d0 f   iowin32.obj
 0001:00008730       _win32_open64_file_funcA   10009730 f   iowin32.obj
 0001:00008790       _win32_open64_file_funcW   10009790 f   iowin32.obj
 0001:000087f0       _win32_open_file_func      100097f0 f   iowin32.obj
 0001:00008850       _win32_read_file_func      10009850 f   iowin32.obj
 0001:000088a0       _win32_write_file_func     100098a0 f   iowin32.obj
 0001:00008950       _win32_tell_file_func      10009950 f   iowin32.obj
 0001:000089a0       _win32_tell64_file_func    100099a0 f   iowin32.obj
 0001:00008a00       _win32_seek_file_func      10009a00 f   iowin32.obj
 0001:00008a70       _win32_seek64_file_func    10009a70 f   iowin32.obj
 0001:00008af0       _win32_close_file_func     10009af0 f   iowin32.obj
 0001:00008b20       _win32_error_file_func     10009b20 f   iowin32.obj
 0001:00008b40       _fill_win32_filefunc       10009b40 f   iowin32.obj
 0001:00008b80       _fill_win32_filefunc64     10009b80 f   iowin32.obj
 0001:00008bc0       _fill_win32_filefunc64A    10009bc0 f   iowin32.obj
 0001:00008c00       _fill_win32_filefunc64W    10009c00 f   iowin32.obj
 0001:00008c50       __tr_init                  10009c50 f   trees.obj
 0001:00009bd0       __tr_stored_block          1000abd0 f   trees.obj
 0001:00009cc0       __tr_flush_bits            1000acc0 f   trees.obj
 0001:00009cd0       __tr_align                 1000acd0 f   trees.obj
 0001:00009dc0       __tr_flush_block           1000adc0 f   trees.obj
 0001:0000a540       _uncompress2@16            1000b540 f   uncompr.obj
 0001:0000a670       _uncompress@16             1000b670 f   uncompr.obj
 0001:0000a9c0       _unzStringFileNameCompare@12 1000b9c0 f   unzip.obj
 0001:0000b270       _unzOpen2@8                1000c270 f   unzip.obj
 0001:0000b2c0       _unzOpen2_64@8             1000c2c0 f   unzip.obj
 0001:0000b320       _unzOpen@4                 1000c320 f   unzip.obj
 0001:0000b340       _unzOpen64@4               1000c340 f   unzip.obj
 0001:0000b360       _unzClose@4                1000c360 f   unzip.obj
 0001:0000b3a0       _unzGetGlobalInfo64@8      1000c3a0 f   unzip.obj
 0001:0000b3d0       _unzGetGlobalInfo@8        1000c3d0 f   unzip.obj
 0001:0000ba40       _unzGetCurrentFileInfo64@32 1000ca40 f   unzip.obj
 0001:0000ba70       _unzGetCurrentFileInfo@32  1000ca70 f   unzip.obj
 0001:0000bb30       _unzGoToFirstFile@4        1000cb30 f   unzip.obj
 0001:0000bba0       _unzGoToNextFile@4         1000cba0 f   unzip.obj
 0001:0000bc50       _unzLocateFile@12          1000cc50 f   unzip.obj
 0001:0000be00       _unzGetFilePos64@8         1000ce00 f   unzip.obj
 0001:0000be50       _unzGetFilePos@8           1000ce50 f   unzip.obj
 0001:0000be80       _unzGoToFilePos64@8        1000ce80 f   unzip.obj
 0001:0000bef0       _unzGoToFilePos@8          1000cef0 f   unzip.obj
 0001:0000c190       _unzOpenCurrentFile3@20    1000d190 f   unzip.obj
 0001:0000c400       _unzOpenCurrentFile@4      1000d400 f   unzip.obj
 0001:0000c420       _unzOpenCurrentFilePassword@8 1000d420 f   unzip.obj
 0001:0000c440       _unzOpenCurrentFile2@16    1000d440 f   unzip.obj
 0001:0000c460       _unzGetCurrentFileZStreamPos64@4 1000d460 f   unzip.obj
 0001:0000c4a0       _unzReadCurrentFile@12     1000d4a0 f   unzip.obj
 0001:0000c760       _unztell@4                 1000d760 f   unzip.obj
 0001:0000c790       _unztell64@4               1000d790 f   unzip.obj
 0001:0000c7c0       _unzeof@4                  1000d7c0 f   unzip.obj
 0001:0000c800       _unzGetLocalExtrafield@12  1000d800 f   unzip.obj
 0001:0000c8d0       _unzCloseCurrentFile@4     1000d8d0 f   unzip.obj
 0001:0000c970       _unzGetGlobalComment@12    1000d970 f   unzip.obj
 0001:0000d550       _LoadCentralDirectoryRecord 1000e550 f   zip.obj
 0001:0000d9f0       _zipOpen3@16               1000e9f0 f   zip.obj
 0001:0000db60       _zipOpen2@16               1000eb60 f   zip.obj
 0001:0000dbb0       _zipOpen2_64@16            1000ebb0 f   zip.obj
 0001:0000dc10       _zipOpen@8                 1000ec10 f   zip.obj
 0001:0000dc30       _zipOpen64@8               1000ec30 f   zip.obj
 0001:0000dc50       _Write_LocalFileHeader     1000ec50 f   zip.obj
 0001:0000de70       _zipOpenNewFileInZip4_64@76 1000ee70 f   zip.obj
 0001:0000e370       _zipOpenNewFileInZip3@64   1000f370 f   zip.obj
 0001:0000e3c0       _zipOpenNewFileInZip3_64@68 1000f3c0 f   zip.obj
 0001:0000e410       _zipOpenNewFileInZip2@44   1000f410 f   zip.obj
 0001:0000e450       _zipOpenNewFileInZip2_64@48 1000f450 f   zip.obj
 0001:0000e490       _zipOpenNewFileInZip64@44  1000f490 f   zip.obj
 0001:0000e4d0       _zipOpenNewFileInZip@40    1000f4d0 f   zip.obj
 0001:0000e5d0       _zipWriteInFileInZip@12    1000f5d0 f   zip.obj
 0001:0000e6d0       _zipCloseFileInZipRaw@12   1000f6d0 f   zip.obj
 0001:0000e6f0       _zipCloseFileInZipRaw64@16 1000f6f0 f   zip.obj
 0001:0000ebd0       _zipCloseFileInZip@4       1000fbd0 f   zip.obj
 0001:0000ebf0       _Write_Zip64EndOfCentralDirectoryLocator 1000fbf0 f   zip.obj
 0001:0000ec70       _Write_Zip64EndOfCentralDirectoryRecord 1000fc70 f   zip.obj
 0001:0000ed90       _Write_EndOfCentralDirectoryRecord 1000fd90 f   zip.obj
 0001:0000eed0       _Write_GlobalComment       1000fed0 f   zip.obj
 0001:0000ef40       _zipClose@8                1000ff40 f   zip.obj
 0001:0000f0d0       _zlibVersion@0             100100d0 f   zutil.obj
 0001:0000f0e0       _zlibCompileFlags@0        100100e0 f   zutil.obj
 0001:0000f0f0       _zError@4                  100100f0 f   zutil.obj
 0001:0000f110       _zcalloc                   10010110 f   zutil.obj
 0001:0000f130       _zcfree                    10010130 f   zutil.obj
 0001:0000f140       _longest_match             10010140 f   match686.obj
 0001:0000f328       _match_init                10010328 f   match686.obj
 0001:0000f430       _inflate_fast              10010430 f   inffas32.obj
 0001:0000fac4       _ReadFile@20               10010ac4 f   kernel32:KERNEL32.dll
 0001:0000faca       _WriteFile@20              10010aca f   kernel32:KERNEL32.dll
 0001:0000fad0       _SetFilePointer@16         10010ad0 f   kernel32:KERNEL32.dll
 0001:0000fad6       _CreateFileW@28            10010ad6 f   kernel32:KERNEL32.dll
 0001:0000fadc       _GetLastError@0            10010adc f   kernel32:KERNEL32.dll
 0001:0000fae2       _CreateFileA@28            10010ae2 f   kernel32:KERNEL32.dll
 0001:0000fae8       _CloseHandle@4             10010ae8 f   kernel32:KERNEL32.dll
 0001:0000fde8       __CRT_INIT@12              10010de8 f   LIBCMT:dll_dllmain.obj
 0001:0000fdf1       __DllMainCRTStartup@12     10010df1 f   LIBCMT:dll_dllmain.obj
 0001:0000fe14       ___security_init_cookie    10010e14 f   LIBCMT:gs_support.obj
 0001:0000feb0       _DllMain@12                10010eb0 f   LIBCMT:dll_dllmain_stub.obj
 0001:0000feb6       ?__scrt_initialize_type_info@@YAXXZ 10010eb6 f   LIBCMT:tncleanup.obj
 0001:0000fec2       ?__scrt_uninitialize_type_info@@YAXXZ 10010ec2 f   LIBCMT:tncleanup.obj
 0001:0000fece       ___local_stdio_scanf_options 10010ece f i LIBCMT:default_local_stdio_options.obj
 0001:0000fed4       ___scrt_initialize_default_local_stdio_options 10010ed4 f   LIBCMT:default_local_stdio_options.obj
 0001:0000fef1       ??$__crt_fast_decode_pointer@PAP6AXXZ@@YAPAP6AXXZQAP6AXXZ@Z 10010ef1 f i LIBCMT:utility.obj
 0001:0000ff05       ??$__crt_fast_encode_pointer@PAP6AXXZ@@YAPAP6AXXZQAP6AXXZ@Z 10010f05 f i LIBCMT:utility.obj
 0001:0000ff22       ?__crt_rotate_pointer_value@@YAIIH@Z 10010f22 f i LIBCMT:utility.obj
 0001:0000ff2f       ?configure_argv@__scrt_narrow_argv_policy@@SAHXZ 10010f2f f i LIBCMT:utility.obj
 0001:0000ffb3       _NtCurrentTeb              10010fb3 f i LIBCMT:utility.obj
 0001:0000ffba       ___scrt_acquire_startup_lock 10010fba f   LIBCMT:utility.obj
 0001:0000ffef       ___scrt_dllmain_after_initialize_c 10010fef f   LIBCMT:utility.obj
 0001:0001001a       ___scrt_dllmain_before_initialize_c 1001101a f   LIBCMT:utility.obj
 0001:00010028       ___scrt_dllmain_crt_thread_attach 10011028 f   LIBCMT:utility.obj
 0001:00010047       ___scrt_dllmain_crt_thread_detach 10011047 f   LIBCMT:utility.obj
 0001:00010054       ___scrt_dllmain_exception_filter 10011054 f   LIBCMT:utility.obj
 0001:00010087       ___scrt_dllmain_uninitialize_c 10011087 f   LIBCMT:utility.obj
 0001:000100aa       ___scrt_dllmain_uninitialize_critical 100110aa f   LIBCMT:utility.obj
 0001:000100b7       ___scrt_initialize_crt     100110b7 f   LIBCMT:utility.obj
 0001:000100f0       ___scrt_initialize_onexit_tables 100110f0 f   LIBCMT:utility.obj
 0001:0001019a       ___scrt_is_nonwritable_in_current_image 1001119a f   LIBCMT:utility.obj
 0001:00010224       ___scrt_release_startup_lock 10011224 f   LIBCMT:utility.obj
 0001:00010241       ___scrt_uninitialize_crt   10011241 f   LIBCMT:utility.obj
 0001:00010269       __onexit                   10011269 f   LIBCMT:utility.obj
 0001:000102a4       _at_quick_exit             100112a4 f   LIBCMT:utility.obj
 0001:000102d5       _atexit                    100112d5 f   LIBCMT:utility.obj
 0001:000102ea       ___scrt_get_dyn_tls_init_callback 100112ea f   LIBCMT:dyn_tls_init.obj
 0001:000102f0       ___scrt_fastfail           100112f0 f   LIBCMT:utility_desktop.obj
 0001:0001040b       ___scrt_get_show_window_mode 1001140b f   LIBCMT:utility_desktop.obj
 0001:0001043e       ___scrt_initialize_winrt   1001143e f   LIBCMT:utility_desktop.obj
 0001:00010441       ___scrt_is_managed_app     10011441 f   LIBCMT:utility_desktop.obj
 0001:00010485       ___scrt_set_unhandled_exception_filter 10011485 f   LIBCMT:utility_desktop.obj
 0001:00010491       ___scrt_unhandled_exception_filter@4 10011491 f   LIBCMT:utility_desktop.obj
 0001:000104d2       __crt_debugger_hook        100114d2 f   LIBCMT:utility_desktop.obj
 0001:000104da       __RTC_Initialize           100114da f   LIBCMT:_initsect_.obj
 0001:00010505       __RTC_Terminate            10011505 f   LIBCMT:_initsect_.obj
 0001:00010530       @_guard_check_icall@4      10011530 f i LIBCMT:checkcfg.obj
 0001:00010540       __SEH_prolog4              10011540 f   LIBCMT:_sehprolg4_.obj
 0001:00010586       __SEH_epilog4              10011586 f   LIBCMT:_sehprolg4_.obj
 0001:0001059b       ___isa_available_init      1001159b f   LIBCMT:_cpu_disp_.obj
 0001:0001073a       __get_startup_argv_mode    1001173a f   LIBCMT:argv_mode.obj
 0001:0001073e       ___scrt_is_ucrt_dll_in_use 1001173e f   LIBCMT:ucrt_detection.obj
 0001:0001074a       @_guard_check_icall_nop@4  1001174a f i LIBCMT:guard_support.obj
 0001:0001074b       __guard_icall_checks_enforced 1001174b f i LIBCMT:guard_support.obj
 0001:0001075d       @__security_check_cookie@4 1001175d f   LIBCMT:_secchk_.obj
 0001:0001076e       ___raise_securityfailure   1001176e f   LIBCMT:gs_report.obj
 0001:00010796       ___report_gsfailure        10011796 f   LIBCMT:gs_report.obj
 0001:00010891       ___report_rangecheckfailure 10011891 f   LIBCMT:gs_report.obj
 0001:0001089d       ___report_securityfailure  1001189d f   LIBCMT:gs_report.obj
 0001:0001096d       ___report_securityfailureEx 1001196d f   LIBCMT:gs_report.obj
 0001:00010a90       _memchr                    10011a90 f   libvcruntime:memchr.obj
 0001:00010b80       __except_handler4          10011b80 f   libvcruntime:_chandler4_.obj
 0001:00010cf4       ??$?RD@__crt_internal_free_policy@@QBEXQBD@Z 10011cf4 f i libvcruntime:std_type_info.obj
 0001:00010d04       ??$?RX@__crt_internal_free_policy@@QBEXQBX@Z 10011d04 f i libvcruntime:std_type_info.obj
 0001:00010d14       ??$__crt_interlocked_compare_exchange_pointer@$$CBDPAD$$T@@YAPBDPDSBDQAD$$T@Z 10011d14 f i libvcruntime:std_type_info.obj
 0001:00010d26       ??$__crt_interlocked_read_pointer@$$CBD@@YAPBDPDSBD@Z 10011d26 f i libvcruntime:std_type_info.obj
 0001:00010d30       ??0?$__crt_unique_heap_ptr@DU__crt_internal_free_policy@@@@QAE@QAD@Z 10011d30 f i libvcruntime:std_type_info.obj
 0001:00010d3e       ??0?$__crt_unique_heap_ptr@XU__crt_internal_free_policy@@@@QAE@QAX@Z 10011d3e f i libvcruntime:std_type_info.obj
 0001:00010d4c       ??1?$__crt_unique_heap_ptr@DU__crt_internal_free_policy@@@@QAE@XZ 10011d4c f i libvcruntime:std_type_info.obj
 0001:00010d5c       ??1?$__crt_unique_heap_ptr@XU__crt_internal_free_policy@@@@QAE@XZ 10011d5c f i libvcruntime:std_type_info.obj
 0001:00010d78       ??B?$__crt_unique_heap_ptr@DU__crt_internal_free_policy@@@@QBE_NXZ 10011d78 f i libvcruntime:std_type_info.obj
 0001:00010d7f       ??B?$__crt_unique_heap_ptr@XU__crt_internal_free_policy@@@@QBE_NXZ 10011d7f f i libvcruntime:std_type_info.obj
 0001:00010da6       ?__crt_interlocked_read_32@@YAHPDH@Z 10011da6 f i libvcruntime:std_type_info.obj
 0001:00010db0       ?detach@?$__crt_unique_heap_ptr@XU__crt_internal_free_policy@@@@QAEPAXXZ 10011db0 f i libvcruntime:std_type_info.obj
 0001:00010db6       ?get@?$__crt_unique_heap_ptr@DU__crt_internal_free_policy@@@@QBEPADXZ 10011db6 f i libvcruntime:std_type_info.obj
 0001:00010db9       ?get@?$__crt_unique_heap_ptr@XU__crt_internal_free_policy@@@@QBEPAXXZ 10011db9 f i libvcruntime:std_type_info.obj
 0001:00010dbc       ?is_valid@?$__crt_unique_heap_ptr@DU__crt_internal_free_policy@@@@QBE_NXZ 10011dbc f i libvcruntime:std_type_info.obj
 0001:00010dc3       ?is_valid@?$__crt_unique_heap_ptr@XU__crt_internal_free_policy@@@@QBE_NXZ 10011dc3 f i libvcruntime:std_type_info.obj
 0001:00010dca       ?release@?$__crt_unique_heap_ptr@DU__crt_internal_free_policy@@@@QAEXXZ 10011dca f i libvcruntime:std_type_info.obj
 0001:00010dda       ?release@?$__crt_unique_heap_ptr@XU__crt_internal_free_policy@@@@QAEXXZ 10011dda f i libvcruntime:std_type_info.obj
 0001:00010dea       ___std_type_info_compare   10011dea f   libvcruntime:std_type_info.obj
 0001:00010e26       ___std_type_info_destroy_list 10011e26 f   libvcruntime:std_type_info.obj
 0001:00010e49       ___std_type_info_hash      10011e49 f   libvcruntime:std_type_info.obj
 0001:00010e6f       ___std_type_info_name      10011e6f f   libvcruntime:std_type_info.obj
 0001:00010f34       ___vcrt_initialize         10011f34 f   libvcruntime:initialization.obj
 0001:00010f5d       ___vcrt_thread_attach      10011f5d f   libvcruntime:initialization.obj
 0001:00010f68       ___vcrt_thread_detach      10011f68 f   libvcruntime:initialization.obj
 0001:00010f73       ___vcrt_uninitialize       10011f73 f   libvcruntime:initialization.obj
 0001:00010f92       ___vcrt_uninitialize_critical 10011f92 f   libvcruntime:initialization.obj
 0001:00010fa0       _memset                    10011fa0 f   libvcruntime:memset.obj
 0001:00011100       __local_unwind4            10012100 f   libvcruntime:_exsup4_.obj
 0001:000111d6       __seh_longjmp_unwind4@4    100121d6 f   libvcruntime:_exsup4_.obj
 0001:000111fe       @_EH4_CallFilterFunc@8     100121fe f   libvcruntime:_exsup4_.obj
 0001:00011215       @_EH4_TransferToHandler@8  10012215 f   libvcruntime:_exsup4_.obj
 0001:0001122e       @_EH4_GlobalUnwind2@8      1001222e f   libvcruntime:_exsup4_.obj
 0001:00011247       @_EH4_LocalUnwind@16       10012247 f   libvcruntime:_exsup4_.obj
 0001:0001125e       _ReadNoFence               1001225e f i libvcruntime:jbcxrval.obj
 0001:00011268       _ReadPointerNoFence        10012268 f i libvcruntime:jbcxrval.obj
 0001:00011272       ___except_validate_context_record 10012272 f   libvcruntime:jbcxrval.obj
 0001:000112a2       ___except_validate_jump_buffer 100122a2 f   libvcruntime:jbcxrval.obj
 0001:000112cf       ??$__vcrt_va_start_verify_argument_type@QBD@@YAXXZ 100122cf f i libvcruntime:undname.obj
 0001:000112d0       ??0Block@_HeapManager@@QAE@XZ 100122d0 f i libvcruntime:undname.obj
 0001:000112d6       ??0DName@@QAE@AAPBDD@Z     100122d6 f   libvcruntime:undname.obj
 0001:00011388       ??0DName@@QAE@ABV0@@Z      10012388 f i libvcruntime:undname.obj
 0001:0001139e       ??0DName@@QAE@D@Z          1001239e f   libvcruntime:undname.obj
 0001:000113c3       ??0DName@@QAE@PAV0@@Z      100123c3 f   libvcruntime:undname.obj
 0001:0001140c       ??0DName@@QAE@PBD@Z        1001240c f   libvcruntime:undname.obj
 0001:0001143f       ??0DName@@QAE@W4DNameStatus@@@Z 1001243f f   libvcruntime:undname.obj
 0001:0001147f       ??0DName@@QAE@XZ           1001247f f i libvcruntime:undname.obj
 0001:00011489       ??0DName@@QAE@_J@Z         10012489 f   libvcruntime:undname.obj
 0001:00011517       ??0DName@@QAE@_K@Z         10012517 f   libvcruntime:undname.obj
 0001:0001157f       ??0DNameNode@@IAE@XZ       1001257f f   libvcruntime:undname.obj
 0001:00011588       ??0DNameStatusNode@@AAE@W4DNameStatus@@@Z 10012588 f   libvcruntime:undname.obj
 0001:000115ab       ??0Replicator@@QAE@XZ      100125ab f i libvcruntime:undname.obj
 0001:000115b1       ??0UnDecorator@@QAE@PADPBDHP6APADJ@ZK@Z 100125b1 f i libvcruntime:undname.obj
 0001:0001161a       ??0charNode@@QAE@D@Z       1001261a f   libvcruntime:undname.obj
 0001:0001162f       ??0pDNameNode@@QAE@PAVDName@@@Z 1001262f f   libvcruntime:undname.obj
 0001:00011657       ??0pairNode@@QAE@PAVDNameNode@@0@Z 10012657 f   libvcruntime:undname.obj
 0001:00011676       ??0pcharNode@@QAE@PBDH@Z   10012676 f   libvcruntime:undname.obj
 0001:000116cf       ??2@YAPAXIAAV_HeapManager@@H@Z 100126cf f i libvcruntime:undname.obj
 0001:000116e4       ??4DName@@QAEAAV0@ABV0@@Z  100126e4 f   libvcruntime:undname.obj
 0001:000116fa       ??4DName@@QAEAAV0@D@Z      100126fa f i libvcruntime:undname.obj
 0001:0001171f       ??4DName@@QAEAAV0@PAV0@@Z  1001271f f   libvcruntime:undname.obj
 0001:00011761       ??4DName@@QAEAAV0@PBD@Z    10012761 f   libvcruntime:undname.obj
 0001:0001178c       ??4DName@@QAEAAV0@W4DNameStatus@@@Z 1001278c f   libvcruntime:undname.obj
 0001:000117be       ??AReplicator@@QBE?AVDName@@H@Z 100127be f   libvcruntime:undname.obj
 0001:00011804       ??BUnDecorator@@QAEPADXZ   10012804 f i libvcruntime:undname.obj
 0001:0001196b       ??H@YA?AVDName@@DABV0@@Z   1001296b f i libvcruntime:undname.obj
 0001:0001198f       ??H@YA?AVDName@@PBDABV0@@Z 1001298f f i libvcruntime:undname.obj
 0001:000119b3       ??H@YA?AVDName@@W4DNameStatus@@ABV0@@Z 100129b3 f i libvcruntime:undname.obj
 0001:000119d7       ??HDName@@QBE?AV0@ABV0@@Z  100129d7 f   libvcruntime:undname.obj
 0001:000119f9       ??HDName@@QBE?AV0@D@Z      100129f9 f   libvcruntime:undname.obj
 0001:00011a1b       ??HDName@@QBE?AV0@PAV0@@Z  10012a1b f   libvcruntime:undname.obj
 0001:00011a3d       ??HDName@@QBE?AV0@PBD@Z    10012a3d f   libvcruntime:undname.obj
 0001:00011a5f       ??HDName@@QBE?AV0@W4DNameStatus@@@Z 10012a5f f   libvcruntime:undname.obj
 0001:00011a81       ??YDName@@QAEAAV0@ABV0@@Z  10012a81 f   libvcruntime:undname.obj
 0001:00011ac2       ??YDName@@QAEAAV0@D@Z      10012ac2 f   libvcruntime:undname.obj
 0001:00011b12       ??YDName@@QAEAAV0@PAV0@@Z  10012b12 f   libvcruntime:undname.obj
 0001:00011b77       ??YDName@@QAEAAV0@PBD@Z    10012b77 f   libvcruntime:undname.obj
 0001:00011bd8       ??YDName@@QAEAAV0@W4DNameStatus@@@Z 10012bd8 f   libvcruntime:undname.obj
 0001:00011c18       ??YReplicator@@QAEAAV0@ABVDName@@@Z 10012c18 f   libvcruntime:undname.obj
 0001:00011c62       ??_5DName@@QAEAAV0@ABV0@@Z 10012c62 f   libvcruntime:undname.obj
 0001:00011c7e       ?Constructor@_HeapManager@@QAEXP6APAXI@ZP6AXPAX@Z@Z 10012c7e f i libvcruntime:undname.obj
 0001:00011c9b       ?Destructor@_HeapManager@@QAEXXZ 10012c9b f i libvcruntime:undname.obj
 0001:00011cd4       ?UScore@UnDecorator@@SAPBDW4Tokens@@@Z 10012cd4 f   libvcruntime:undname.obj
 0001:00011cf1       ?append@DName@@AAEXPAVDNameNode@@@Z 10012cf1 f   libvcruntime:undname.obj
 0001:00011d37       ?composeDeclaration@UnDecorator@@CA?AVDName@@ABV2@@Z 10012d37 f i libvcruntime:undname.obj
 0001:00012a07       ?doAccessSpecifiers@UnDecorator@@SAHXZ 10013a07 f i libvcruntime:undname.obj
 0001:00012a15       ?doAllocationLanguage@UnDecorator@@SAHXZ 10013a15 f i libvcruntime:undname.obj
 0001:00012a23       ?doAllocationModel@UnDecorator@@SAHXZ 10013a23 f i libvcruntime:undname.obj
 0001:00012a31       ?doEcsu@UnDecorator@@SAHXZ 10013a31 f i libvcruntime:undname.obj
 0001:00012a3f       ?doEllipsis@UnDecorator@@SAHXZ 10013a3f f i libvcruntime:undname.obj
 0001:00012a4d       ?doFunctionReturns@UnDecorator@@SAHXZ 10013a4d f i libvcruntime:undname.obj
 0001:00012a5b       ?doMSKeywords@UnDecorator@@SAHXZ 10013a5b f i libvcruntime:undname.obj
 0001:00012a68       ?doMemberTypes@UnDecorator@@SAHXZ 10013a68 f i libvcruntime:undname.obj
 0001:00012a76       ?doNameOnly@UnDecorator@@SAHXZ 10013a76 f i libvcruntime:undname.obj
 0001:00012a81       ?doNoIdentCharCheck@UnDecorator@@SAHXZ 10013a81 f i libvcruntime:undname.obj
 0001:00012a8c       ?doPchar@DName@@AAEXPBDH@Z 10013a8c f   libvcruntime:undname.obj
 0001:00012b12       ?doPtr64@UnDecorator@@SAHXZ 10013b12 f i libvcruntime:undname.obj
 0001:00012b20       ?doRestrictionSpec@UnDecorator@@SAHXZ 10013b20 f i libvcruntime:undname.obj
 0001:00012b2e       ?doThisTypes@UnDecorator@@SAHXZ 10013b2e f i libvcruntime:undname.obj
 0001:00012b40       ?doThrowTypes@UnDecorator@@SAHXZ 10013b40 f i libvcruntime:undname.obj
 0001:00012b4e       ?doTypeOnly@UnDecorator@@SAHXZ 10013b4e f i libvcruntime:undname.obj
 0001:00012b59       ?doUnderScore@UnDecorator@@SAHXZ 10013b59 f i libvcruntime:undname.obj
 0001:00012b64       ?getArgumentList@UnDecorator@@CA?AVDName@@XZ 10013b64 f   libvcruntime:undname.obj
 0001:00012c63       ?getArgumentTypes@UnDecorator@@CA?AVDName@@XZ 10013c63 f   libvcruntime:undname.obj
 0001:00012d47       ?getArrayType@UnDecorator@@CA?AVDName@@ABV2@@Z 10013d47 f i libvcruntime:undname.obj
 0001:00012f3c       ?getBasedType@UnDecorator@@CA?AVDName@@XZ 10013f3c f   libvcruntime:undname.obj
 0001:00012fd6       ?getBasicDataType@UnDecorator@@CA?AVDName@@ABV2@@Z 10013fd6 f   libvcruntime:undname.obj
 0001:000133cd       ?getCallIndex@UnDecorator@@CA?AVDName@@XZ 100143cd f i libvcruntime:undname.obj
 0001:000133e1       ?getCallingConvention@UnDecorator@@CA?AVDName@@XZ 100143e1 f   libvcruntime:undname.obj
 0001:000134a2       ?getDataIndirectType@UnDecorator@@CA?AVDName@@ABV2@PBD0H@Z 100144a2 f   libvcruntime:undname.obj
 0001:00013ab5       ?getDataIndirectType@UnDecorator@@CA?AVDName@@XZ 10014ab5 f i libvcruntime:undname.obj
 0001:00013ae9       ?getDataType@UnDecorator@@CA?AVDName@@PAV2@@Z 10014ae9 f   libvcruntime:undname.obj
 0001:00013bb7       ?getDecoratedName@UnDecorator@@CA?AVDName@@XZ 10014bb7 f   libvcruntime:undname.obj
 0001:00013e0b       ?getDimension@UnDecorator@@CA?AVDName@@_N@Z 10014e0b f   libvcruntime:undname.obj
 0001:00013f4e       ?getDispatchTarget@UnDecorator@@CA?AVDName@@XZ 10014f4e f   libvcruntime:undname.obj
 0001:00013fa3       ?getDisplacement@UnDecorator@@CA?AVDName@@XZ 10014fa3 f i libvcruntime:undname.obj
 0001:00013fb7       ?getECSUDataType@UnDecorator@@CA?AVDName@@XZ 10014fb7 f   libvcruntime:undname.obj
 0001:000140cf       ?getECSUName@UnDecorator@@CA?AVDName@@XZ 100150cf f i libvcruntime:undname.obj
 0001:000140e0       ?getEnumType@UnDecorator@@CA?AVDName@@XZ 100150e0 f i libvcruntime:undname.obj
 0001:000141d4       ?getExtendedDataIndirectType@UnDecorator@@CA?AVDName@@AAPBDAA_NH@Z 100151d4 f   libvcruntime:undname.obj
 0001:00014393       ?getExternalDataType@UnDecorator@@CA?AVDName@@ABV2@@Z 10015393 f i libvcruntime:undname.obj
 0001:00014405       ?getFunctionIndirectType@UnDecorator@@CA?AVDName@@ABV2@@Z 10015405 f   libvcruntime:undname.obj
 0001:00014820       ?getGuardNumber@UnDecorator@@CA?AVDName@@XZ 10015820 f i libvcruntime:undname.obj
 0001:00014834       ?getLastChar@DName@@QBEDXZ 10015834 f i libvcruntime:undname.obj
 0001:00014853       ?getLastChar@DNameStatusNode@@UBEDXZ 10015853 f i libvcruntime:undname.obj
 0001:0001485f       ?getLastChar@charNode@@UBEDXZ 1001585f f i libvcruntime:undname.obj
 0001:00014863       ?getLastChar@pDNameNode@@UBEDXZ 10015863 f i libvcruntime:undname.obj
 0001:00014871       ?getLastChar@pairNode@@UBEDXZ 10015871 f i libvcruntime:undname.obj
 0001:000148a4       ?getLastChar@pcharNode@@UBEDXZ 100158a4 f i libvcruntime:undname.obj
 0001:000148b6       ?getLexicalFrame@UnDecorator@@CA?AVDName@@XZ 100158b6 f i libvcruntime:undname.obj
 0001:000148f3       ?getMemory@_HeapManager@@QAEPAXIH@Z 100158f3 f   libvcruntime:undname.obj
 0001:00014981       ?getNumberOfDimensions@UnDecorator@@CAHXZ 10015981 f   libvcruntime:undname.obj
 0001:000149e2       ?getOperatorName@UnDecorator@@CA?AVDName@@_NPA_N@Z 100159e2 f i libvcruntime:undname.obj
 0001:0001501e       ?getPointerType@UnDecorator@@CA?AVDName@@ABV2@0@Z 1001601e f i libvcruntime:undname.obj
 0001:0001503c       ?getPointerTypeArray@UnDecorator@@CA?AVDName@@ABV2@0@Z 1001603c f i libvcruntime:undname.obj
 0001:0001505a       ?getPrimaryDataType@UnDecorator@@CA?AVDName@@ABV2@@Z 1001605a f   libvcruntime:undname.obj
 0001:0001524b       ?getPtrRefDataType@UnDecorator@@CA?AVDName@@ABV2@H@Z 1001624b f   libvcruntime:undname.obj
 0001:0001537e       ?getPtrRefType@UnDecorator@@CA?AVDName@@ABV2@0PBD@Z 1001637e f   libvcruntime:undname.obj
 0001:0001547a       ?getReferenceType@UnDecorator@@CA?AVDName@@ABV2@0PBD@Z 1001647a f i libvcruntime:undname.obj
 0001:00015496       ?getRestrictionSpec@UnDecorator@@CA?AVDName@@XZ 10016496 f   libvcruntime:undname.obj
 0001:00015577       ?getReturnType@UnDecorator@@CA?AVDName@@PAV2@@Z 10016577 f   libvcruntime:undname.obj
 0001:000155a6       ?getScope@UnDecorator@@CA?AVDName@@XZ 100165a6 f   libvcruntime:undname.obj
 0001:00015958       ?getScopedName@UnDecorator@@CA?AVDName@@XZ 10016958 f   libvcruntime:undname.obj
 0001:00015a34       ?getSignedDimension@UnDecorator@@CA?AVDName@@XZ 10016a34 f   libvcruntime:undname.obj
 0001:00015a87       ?getStorageConvention@UnDecorator@@CA?AVDName@@XZ 10016a87 f i libvcruntime:undname.obj
 0001:00015a98       ?getString@DName@@QBEPADPAD0@Z 10016a98 f i libvcruntime:undname.obj
 0001:00015ac4       ?getString@DName@@QBEPADPADH@Z 10016ac4 f i libvcruntime:undname.obj
 0001:00015b1a       ?getString@DNameStatusNode@@UBEPADPAD0@Z 10016b1a f i libvcruntime:undname.obj
 0001:00015b41       ?getString@charNode@@UBEPADPAD0@Z 10016b41 f i libvcruntime:undname.obj
 0001:00015b56       ?getString@pDNameNode@@UBEPADPAD0@Z 10016b56 f i libvcruntime:undname.obj
 0001:00015b6d       ?getString@pairNode@@UBEPADPAD0@Z 10016b6d f i libvcruntime:undname.obj
 0001:00015bb1       ?getString@pcharNode@@UBEPADPAD0@Z 10016bb1 f i libvcruntime:undname.obj
 0001:00015bcc       ?getStringEncoding@UnDecorator@@CA?AVDName@@PBDH@Z 10016bcc f   libvcruntime:undname.obj
 0001:00015c7b       ?getStringHelper@@YAPADPADPBD1H@Z 10016c7b f i libvcruntime:undname.obj
 0001:00015cb2       ?getSymbolName@UnDecorator@@CA?AVDName@@XZ 10016cb2 f i libvcruntime:undname.obj
 0001:00015cfa       ?getTemplateArgumentList@UnDecorator@@CA?AVDName@@XZ 10016cfa f   libvcruntime:undname.obj
 0001:00015f92       ?getTemplateConstant@UnDecorator@@CA?AVDName@@XZ 10016f92 f   libvcruntime:undname.obj
 0001:000162e2       ?getTemplateName@UnDecorator@@CA?AVDName@@_N@Z 100172e2 f   libvcruntime:undname.obj
 0001:00016439       ?getThisType@UnDecorator@@CA?AVDName@@XZ 10017439 f i libvcruntime:undname.obj
 0001:0001646e       ?getThrowTypes@UnDecorator@@CA?AVDName@@XZ 1001746e f   libvcruntime:undname.obj
 0001:000164f0       ?getTypeEncoding@UnDecorator@@CAHXZ 100174f0 f i libvcruntime:undname.obj
 0001:00016820       ?getVCallThunkType@UnDecorator@@CA?AVDName@@XZ 10017820 f i libvcruntime:undname.obj
 0001:00016867       ?getVbTableType@UnDecorator@@CA?AVDName@@ABV2@@Z 10017867 f i libvcruntime:undname.obj
 0001:0001687c       ?getVdispMapType@UnDecorator@@CA?AVDName@@ABV2@@Z 1001787c f i libvcruntime:undname.obj
 0001:000168d2       ?getVfTableType@UnDecorator@@CA?AVDName@@ABV2@@Z 100178d2 f i libvcruntime:undname.obj
 0001:00016a37       ?getZName@UnDecorator@@CA?AVDName@@_N0@Z 10017a37 f   libvcruntime:undname.obj
 0001:00016c6f       ?haveTemplateParameters@UnDecorator@@SAHXZ 10017c6f f i libvcruntime:undname.obj
 0001:00016c7a       ?isArray@DName@@QBEHXZ     10017c7a f i libvcruntime:undname.obj
 0001:00016c84       ?isComArray@DName@@QBEHXZ  10017c84 f i libvcruntime:undname.obj
 0001:00016c8e       ?isEmpty@DName@@QBEHXZ     10017c8e f i libvcruntime:undname.obj
 0001:00016c96       ?isFull@Replicator@@QBEHXZ 10017c96 f i libvcruntime:undname.obj
 0001:00016c9f       ?isNoTE@DName@@QBEHXZ      10017c9f f i libvcruntime:undname.obj
 0001:00016ca9       ?isPinPtr@DName@@QBEHXZ    10017ca9 f i libvcruntime:undname.obj
 0001:00016cb3       ?isPtrRef@DName@@QBEHXZ    10017cb3 f i libvcruntime:undname.obj
 0001:00016cbd       ?isUDC@DName@@QBEHXZ       10017cbd f i libvcruntime:undname.obj
 0001:00016cce       ?isUDTThunk@DName@@QBEHXZ  10017cce f i libvcruntime:undname.obj
 0001:00016cdf       ?isVCallThunk@DName@@QBEHXZ 10017cdf f i libvcruntime:undname.obj
 0001:00016ce9       ?isValid@DName@@QBEHXZ     10017ce9 f i libvcruntime:undname.obj
 0001:00016cf3       ?length@DName@@QBEHXZ      10017cf3 f i libvcruntime:undname.obj
 0001:00016d11       ?length@DNameStatusNode@@UBEHXZ 10017d11 f i libvcruntime:undname.obj
 0001:00016d15       ?length@charNode@@UBEHXZ   10017d15 f i libvcruntime:undname.obj
 0001:00016d19       ?length@pDNameNode@@UBEHXZ 10017d19 f i libvcruntime:undname.obj
 0001:00016d27       ?length@pairNode@@UBEHXZ   10017d27 f i libvcruntime:undname.obj
 0001:00016d71       ?length@pcharNode@@UBEHXZ  10017d71 f i libvcruntime:undname.obj
 0001:00016d75       ?make@DNameStatusNode@@SAPAV1@W4DNameStatus@@@Z 10017d75 f i libvcruntime:undname.obj
 0001:00016dfb       ?setIsArray@DName@@QAEXXZ  10017dfb f i libvcruntime:undname.obj
 0001:00016e03       ?setIsComArray@DName@@QAEXXZ 10017e03 f i libvcruntime:undname.obj
 0001:00016e0b       ?setIsNoTE@DName@@QAEXXZ   10017e0b f i libvcruntime:undname.obj
 0001:00016e13       ?setIsPinPtr@DName@@QAEXXZ 10017e13 f i libvcruntime:undname.obj
 0001:00016e1b       ?setIsUDC@DName@@QAEXXZ    10017e1b f i libvcruntime:undname.obj
 0001:00016e28       ?setIsVCallThunk@DName@@QAEXXZ 10017e28 f i libvcruntime:undname.obj
 0001:00016e30       ?setPtrRef@DName@@QAEAAV1@XZ 10017e30 f i libvcruntime:undname.obj
 0001:00016e3a       ?status@DName@@QBE?AW4DNameStatus@@XZ 10017e3a f i libvcruntime:undname.obj
 0001:00016ea6       ___unDName                 10017ea6 f   libvcruntime:undname.obj
 0001:00016f3b       ___unDNameEx               10017f3b f   libvcruntime:undname.obj
 0001:00016fd0       __vsprintf_s_l             10017fd0 f i libvcruntime:undname.obj
 0001:00016ffd       _sprintf_s                 10017ffd f i libvcruntime:undname.obj
 0001:00017019       ??$?RU__vcrt_ptd@@@__crt_internal_free_policy@@QBEXQBU__vcrt_ptd@@@Z 10018019 f i libvcruntime:per_thread_data.obj
 0001:00017029       ??0?$__crt_unique_heap_ptr@U__vcrt_ptd@@U__crt_internal_free_policy@@@@QAE@QAU__vcrt_ptd@@@Z 10018029 f i libvcruntime:per_thread_data.obj
 0001:00017046       ??1?$__crt_unique_heap_ptr@U__vcrt_ptd@@U__crt_internal_free_policy@@@@QAE@XZ 10018046 f i libvcruntime:per_thread_data.obj
 0001:0001705f       ??B?$__crt_unique_heap_ptr@U__vcrt_ptd@@U__crt_internal_free_policy@@@@QBE_NXZ 1001805f f i libvcruntime:per_thread_data.obj
 0001:00017066       ?detach@?$__crt_unique_heap_ptr@U__vcrt_ptd@@U__crt_internal_free_policy@@@@QAEPAU__vcrt_ptd@@XZ 10018066 f i libvcruntime:per_thread_data.obj
 0001:0001706c       ?get@?$__crt_unique_heap_ptr@U__vcrt_ptd@@U__crt_internal_free_policy@@@@QBEPAU__vcrt_ptd@@XZ 1001806c f i libvcruntime:per_thread_data.obj
 0001:0001706f       ?is_valid@?$__crt_unique_heap_ptr@U__vcrt_ptd@@U__crt_internal_free_policy@@@@QBE_NXZ 1001806f f i libvcruntime:per_thread_data.obj
 0001:00017076       ?release@?$__crt_unique_heap_ptr@U__vcrt_ptd@@U__crt_internal_free_policy@@@@QAEXXZ 10018076 f i libvcruntime:per_thread_data.obj
 0001:000170a0       ___vcrt_freefls@4          100180a0 f   libvcruntime:per_thread_data.obj
 0001:000170bc       ___vcrt_freeptd            100180bc f   libvcruntime:per_thread_data.obj
 0001:000170f2       ___vcrt_getptd             100180f2 f   libvcruntime:per_thread_data.obj
 0001:00017100       ___vcrt_getptd_noexit      10018100 f   libvcruntime:per_thread_data.obj
 0001:00017192       ___vcrt_getptd_noinit      10018192 f   libvcruntime:per_thread_data.obj
 0001:000171c9       ___vcrt_initialize_ptd     100181c9 f   libvcruntime:per_thread_data.obj
 0001:000171fc       ___vcrt_uninitialize_ptd   100181fc f   libvcruntime:per_thread_data.obj
 0001:00017217       ___vcrt_initialize_locks   10018217 f   libvcruntime:locks.obj
 0001:00017253       ___vcrt_lock               10018253 f   libvcruntime:locks.obj
 0001:00017268       ___vcrt_uninitialize_locks 10018268 f   libvcruntime:locks.obj
 0001:00017297       ___vcrt_unlock             10018297 f   libvcruntime:locks.obj
 0001:000172ac       ??$?BX@__crt_fast_encoded_nullptr_t@@QBEPAXXZ 100182ac f i libvcruntime:winapi_downlevel.obj
 0001:000172c4       ??$__crt_fast_decode_pointer@PAX@@YAPAXQAX@Z 100182c4 f i libvcruntime:winapi_downlevel.obj
 0001:000172d8       ??$__crt_fast_encode_pointer@PAX@@YAPAXQAX@Z 100182d8 f i libvcruntime:winapi_downlevel.obj
 0001:000172f5       ??$__crt_interlocked_exchange_pointer@UHINSTANCE__@@PAU1@@@YAPAUHINSTANCE__@@PDSAU0@QAU0@@Z 100182f5 f i libvcruntime:winapi_downlevel.obj
 0001:00017302       ??$__crt_interlocked_exchange_pointer@UHINSTANCE__@@PAX@@YAPAUHINSTANCE__@@PDSAU0@QAX@Z 10018302 f i libvcruntime:winapi_downlevel.obj
 0001:0001730f       ??$__crt_interlocked_exchange_pointer@XPAX@@YAPAXPDSAXQAX@Z 1001830f f i libvcruntime:winapi_downlevel.obj
 0001:0001731c       ??$__crt_interlocked_read_pointer@UHINSTANCE__@@@@YAPAUHINSTANCE__@@PDSAU0@@Z 1001831c f i libvcruntime:winapi_downlevel.obj
 0001:00017326       ??$__crt_interlocked_read_pointer@X@@YAPAXPDSAX@Z 10018326 f i libvcruntime:winapi_downlevel.obj
 0001:00017330       ?__crt_fast_encode_pointer@@YA?AU__crt_fast_encoded_nullptr_t@@$$T@Z 10018330 f i libvcruntime:winapi_downlevel.obj
 0001:000175d9       ___vcrt_FlsAlloc           100185d9 f   libvcruntime:winapi_downlevel.obj
 0001:00017613       ___vcrt_FlsFree            10018613 f   libvcruntime:winapi_downlevel.obj
 0001:0001764d       ___vcrt_FlsGetValue        1001864d f   libvcruntime:winapi_downlevel.obj
 0001:00017687       ___vcrt_FlsSetValue        10018687 f   libvcruntime:winapi_downlevel.obj
 0001:000176c4       ___vcrt_InitializeCriticalSectionEx 100186c4 f   libvcruntime:winapi_downlevel.obj
 0001:0001770a       ___vcrt_initialize_winapi_thunks 1001870a f   libvcruntime:winapi_downlevel.obj
 0001:00017744       ___vcrt_uninitialize_winapi_thunks 10018744 f   libvcruntime:winapi_downlevel.obj
 0001:00017776       ??$?B$$A6AXXZ@__crt_fast_encoded_nullptr_t@@QBEP6AXXZXZ 10018776 f i libvcruntime:purevirt_data.obj
 0001:0001778e       ??$__crt_fast_encode_pointer@P6AXXZ@@YAP6AXXZQ6AXXZ@Z 1001878e f i libvcruntime:purevirt_data.obj
 0001:000177ab       ___vcrt_initialize_pure_virtual_call_handler 100187ab f   libvcruntime:purevirt_data.obj
 0001:000177d0       __global_unwind2           100187d0 f   libvcruntime:_exsup_.obj
 0001:00017835       __local_unwind2            10018835 f   libvcruntime:_exsup_.obj
 0001:000178b9       __abnormal_termination     100188b9 f   libvcruntime:_exsup_.obj
 0001:000178dc       __NLG_Notify1              100188dc f   libvcruntime:_exsup_.obj
 0001:000178e5       __NLG_Notify               100188e5 f   libvcruntime:_exsup_.obj
 0001:000178fc       __NLG_Dispatch2            100188fc     libvcruntime:_exsup_.obj
 0001:000178fc       __NLG_Dispatch             100188fc     libvcruntime:_exsup_.obj
 0001:00017904       __NLG_Call                 10018904 f   libvcruntime:_exsup_.obj
 0001:00017906       __NLG_Return2              10018906     libvcruntime:_exsup_.obj
 0001:00017907       ??$__crt_fast_decode_pointer@P6AXXZ@@YAP6AXXZQ6AXXZ@Z 10018907 f i libvcruntime:purevirt.obj
 0001:0001791b       ??$__crt_interlocked_exchange_pointer@$$A6AXXZP6AXXZ@@YAP6AXXZPDS6AXXZQ6AXXZ@Z 1001891b f i libvcruntime:purevirt.obj
 0001:00017928       ??$__crt_interlocked_read_pointer@$$A6AXXZ@@YAP6AXXZPDS6AXXZ@Z 10018928 f i libvcruntime:purevirt.obj
 0001:00017932       __get_purecall_handler     10018932 f   libvcruntime:purevirt.obj
 0001:00017947       __purecall                 10018947 f   libvcruntime:purevirt.obj
 0001:00017962       __set_purecall_handler     10018962 f   libvcruntime:purevirt.obj
 0001:00017d0f       __lseek                    10018d0f f   libucrt:lseek.obj
 0001:00017d1a       __lseek_nolock             10018d1a f   libucrt:lseek.obj
 0001:00017d25       __lseeki64                 10018d25 f   libucrt:lseek.obj
 0001:00017d40       __lseeki64_nolock          10018d40 f   libucrt:lseek.obj
 0001:00017d5b       ??$?R_W@__crt_internal_free_policy@@QBEXQB_W@Z 10018d5b f i libucrt:open.obj
 0001:00017d6d       ??$__vcrt_va_start_verify_argument_type@$$CBH@@YAXXZ 10018d6d f i libucrt:open.obj
 0001:00018066       ??$tsopen_nolock@PAHABQAHABQBDABHABHABHABH@?$__crt_char_traits@D@@SAH$$QAPAHABQAHABQBDABH333@Z 10019066 f i libucrt:open.obj
 0001:00018098       ??$tsopen_nolock@PAHABQAHABQB_WABHABHABHABH@?$__crt_char_traits@_W@@SAH$$QAPAHABQAHABQB_WABH333@Z 10019098 f i libucrt:open.obj
 0001:000180ca       ??$tsopen_nolock@PAHPAHABQBDABHHABHH@?$__crt_char_traits@D@@SAH$$QAPAH0ABQBDABH$$QAH23@Z 100190ca f i libucrt:open.obj
 0001:000180fc       ??$tsopen_nolock@PAHPAHABQB_WABHHABHH@?$__crt_char_traits@_W@@SAH$$QAPAH0ABQB_WABH$$QAH23@Z 100190fc f i libucrt:open.obj
 0001:0001812e       ??0?$__crt_unique_heap_ptr@_WU__crt_internal_free_policy@@@@QAE@QA_W@Z 1001912e f i libucrt:open.obj
 0001:0001813e       ??1?$__crt_unique_heap_ptr@_WU__crt_internal_free_policy@@@@QAE@XZ 1001913e f i libucrt:open.obj
 0001:000186ab       ?release@?$__crt_unique_heap_ptr@_WU__crt_internal_free_policy@@@@QAEXXZ 100196ab f i libucrt:open.obj
 0001:0001876d       __invoke_watson_if_error   1001976d f i libucrt:open.obj
 0001:0001878f       __open                     1001978f f   libucrt:open.obj
 0001:000187a7       __sopen                    100197a7 f   libucrt:open.obj
 0001:000187dc       __sopen_dispatch           100197dc f   libucrt:open.obj
 0001:000187e7       __sopen_nolock             100197e7 f   libucrt:open.obj
 0001:00018838       __sopen_s                  10019838 f   libucrt:open.obj
 0001:00018858       __wopen                    10019858 f   libucrt:open.obj
 0001:00018870       __wsopen                   10019870 f   libucrt:open.obj
 0001:000188a5       __wsopen_dispatch          100198a5 f   libucrt:open.obj
 0001:000188b0       __wsopen_nolock            100198b0 f   libucrt:open.obj
 0001:00018bd9       __wsopen_s                 10019bd9 f   libucrt:open.obj
 0001:00018bf9       ??0_LocaleUpdate@@QAE@QAU__crt_locale_pointers@@@Z 10019bf9 f i libucrt:wcstombs.obj
 0001:00018c7c       ??1_LocaleUpdate@@QAE@XZ   10019c7c f i libucrt:wcstombs.obj
 0001:00018c8c       ?GetLocaleT@_LocaleUpdate@@QAEPAU__crt_locale_pointers@@XZ 10019c8c f i libucrt:wcstombs.obj
 0001:00018f48       ___acrt_locale_changed     10019f48 f i libucrt:wcstombs.obj
 0001:00018f54       __wcstombs_l               10019f54 f   libucrt:wcstombs.obj
 0001:00018f5f       __wcstombs_s_l             10019f5f f   libucrt:wcstombs.obj
 0001:0001902c       _wcstombs                  1001a02c f   libucrt:wcstombs.obj
 0001:00019046       _wcstombs_s                1001a046 f   libucrt:wcstombs.obj
 0001:00019066       ??$?0ABV?$stream_output_adapter@D@__crt_stdio_output@@AB_KABQBDABQAU__crt_locale_pointers@@ABQAD@?$format_validation_base@DV?$stream_output_adapter@D@__crt_stdio_output@@@__crt_stdio_output@@IAE@ABV?$stream_output_adapter@D@1@AB_KABQBDABQAU__crt_locale_pointers@@ABQAD@Z 1001a066 f i libucrt:output.obj
 0001:00019089       ??$?0ABV?$stream_output_adapter@D@__crt_stdio_output@@AB_KABQBDABQAU__crt_locale_pointers@@ABQAD@?$positional_parameter_base@DV?$stream_output_adapter@D@__crt_stdio_output@@@__crt_stdio_output@@IAE@ABV?$stream_output_adapter@D@1@AB_KABQBDABQAU__crt_locale_pointers@@ABQAD@Z 1001a089 f i libucrt:output.obj
 0001:000190d1       ??$?0ABV?$stream_output_adapter@D@__crt_stdio_output@@AB_KABQBDABQAU__crt_locale_pointers@@ABQAD@?$standard_base@DV?$stream_output_adapter@D@__crt_stdio_output@@@__crt_stdio_output@@IAE@ABV?$stream_output_adapter@D@1@AB_KABQBDABQAU__crt_locale_pointers@@ABQAD@Z 1001a0d1 f i libucrt:output.obj
 0001:00019106       ??$?0ABV?$stream_output_adapter@_W@__crt_stdio_output@@AB_KABQB_WABQAU__crt_locale_pointers@@ABQAD@?$format_validation_base@_WV?$stream_output_adapter@_W@__crt_stdio_output@@@__crt_stdio_output@@IAE@ABV?$stream_output_adapter@_W@1@AB_KABQB_WABQAU__crt_locale_pointers@@ABQAD@Z 1001a106 f i libucrt:output.obj
 0001:00019129       ??$?0ABV?$stream_output_adapter@_W@__crt_stdio_output@@AB_KABQB_WABQAU__crt_locale_pointers@@ABQAD@?$positional_parameter_base@_WV?$stream_output_adapter@_W@__crt_stdio_output@@@__crt_stdio_output@@IAE@ABV?$stream_output_adapter@_W@1@AB_KABQB_WABQAU__crt_locale_pointers@@ABQAD@Z 1001a129 f i libucrt:output.obj
 0001:00019171       ??$?0ABV?$stream_output_adapter@_W@__crt_stdio_output@@AB_KABQB_WABQAU__crt_locale_pointers@@ABQAD@?$standard_base@_WV?$stream_output_adapter@_W@__crt_stdio_output@@@__crt_stdio_output@@IAE@ABV?$stream_output_adapter@_W@1@AB_KABQB_WABQAU__crt_locale_pointers@@ABQAD@Z 1001a171 f i libucrt:output.obj
 0001:000191a6       ??$?0ABV?$string_output_adapter@D@__crt_stdio_output@@AB_KABQBDABQAU__crt_locale_pointers@@ABQAD@?$format_validation_base@DV?$string_output_adapter@D@__crt_stdio_output@@@__crt_stdio_output@@IAE@ABV?$string_output_adapter@D@1@AB_KABQBDABQAU__crt_locale_pointers@@ABQAD@Z 1001a1a6 f i libucrt:output.obj
 0001:000191c9       ??$?0ABV?$string_output_adapter@D@__crt_stdio_output@@AB_KABQBDABQAU__crt_locale_pointers@@ABQAD@?$positional_parameter_base@DV?$string_output_adapter@D@__crt_stdio_output@@@__crt_stdio_output@@IAE@ABV?$string_output_adapter@D@1@AB_KABQBDABQAU__crt_locale_pointers@@ABQAD@Z 1001a1c9 f i libucrt:output.obj
 0001:00019211       ??$?0ABV?$string_output_adapter@D@__crt_stdio_output@@AB_KABQBDABQAU__crt_locale_pointers@@ABQAD@?$standard_base@DV?$string_output_adapter@D@__crt_stdio_output@@@__crt_stdio_output@@IAE@ABV?$string_output_adapter@D@1@AB_KABQBDABQAU__crt_locale_pointers@@ABQAD@Z 1001a211 f i libucrt:output.obj
 0001:00019246       ??$?0ABV?$string_output_adapter@_W@__crt_stdio_output@@AB_KABQB_WABQAU__crt_locale_pointers@@ABQAD@?$format_validation_base@_WV?$string_output_adapter@_W@__crt_stdio_output@@@__crt_stdio_output@@IAE@ABV?$string_output_adapter@_W@1@AB_KABQB_WABQAU__crt_locale_pointers@@ABQAD@Z 1001a246 f i libucrt:output.obj
 0001:00019269       ??$?0ABV?$string_output_adapter@_W@__crt_stdio_output@@AB_KABQB_WABQAU__crt_locale_pointers@@ABQAD@?$positional_parameter_base@_WV?$string_output_adapter@_W@__crt_stdio_output@@@__crt_stdio_output@@IAE@ABV?$string_output_adapter@_W@1@AB_KABQB_WABQAU__crt_locale_pointers@@ABQAD@Z 1001a269 f i libucrt:output.obj
 0001:000192b1       ??$?0ABV?$string_output_adapter@_W@__crt_stdio_output@@AB_KABQB_WABQAU__crt_locale_pointers@@ABQAD@?$standard_base@_WV?$string_output_adapter@_W@__crt_stdio_output@@@__crt_stdio_output@@IAE@ABV?$string_output_adapter@_W@1@AB_KABQB_WABQAU__crt_locale_pointers@@ABQAD@Z 1001a2b1 f i libucrt:output.obj
 0001:000192e6       ??$?RV<lambda_3a2a6cca1b0f7007a3db339dcecd1562>@@AAV<lambda_e38011a3ba6e07c7dbcef4d549f26102>@@V<lambda_b2332a2b562101f3c3c34baab19e0511>@@@?$__crt_seh_guarded_call@H@@QAEH$$QAV<lambda_3a2a6cca1b0f7007a3db339dcecd1562>@@AAV<lambda_e38011a3ba6e07c7dbcef4d549f26102>@@$$QAV<lambda_b2332a2b562101f3c3c34baab19e0511>@@@Z 1001a2e6 f i libucrt:output.obj
 0001:00019337       ??$?RV<lambda_75d23329f2fb3d02b2e1cf5509bb1caf>@@AAV<lambda_c4f131f91cb4ec00a5b0a26aa161b8b4>@@V<lambda_114dc79c86b00c313cb0b6b3b001aaf8>@@@?$__crt_seh_guarded_call@H@@QAEH$$QAV<lambda_75d23329f2fb3d02b2e1cf5509bb1caf>@@AAV<lambda_c4f131f91cb4ec00a5b0a26aa161b8b4>@@$$QAV<lambda_114dc79c86b00c313cb0b6b3b001aaf8>@@@Z 1001a337 f i libucrt:output.obj
 0001:00019388       ??$?RV<lambda_80d7abc6eae2375db70be92ccaaf9b57>@@AAV<lambda_df52180bf14694d51fdefd82613e8f07>@@V<lambda_4fa1155033dff2042363dba4e2dc3802>@@@?$__crt_seh_guarded_call@H@@QAEH$$QAV<lambda_80d7abc6eae2375db70be92ccaaf9b57>@@AAV<lambda_df52180bf14694d51fdefd82613e8f07>@@$$QAV<lambda_4fa1155033dff2042363dba4e2dc3802>@@@Z 1001a388 f i libucrt:output.obj
 0001:000193d9       ??$?RV<lambda_b4329732a1a72698597872ef534ad66d>@@AAV<lambda_96392db5b14a27f72535a2156da24b09>@@V<lambda_0f47277b42e3e84c3311fed419af0b3c>@@@?$__crt_seh_guarded_call@H@@QAEH$$QAV<lambda_b4329732a1a72698597872ef534ad66d>@@AAV<lambda_96392db5b14a27f72535a2156da24b09>@@$$QAV<lambda_0f47277b42e3e84c3311fed419af0b3c>@@@Z 1001a3d9 f i libucrt:output.obj
 0001:0001942a       ??$?RV<lambda_b7f50223258ab9fcc98080d45d02b1a4>@@AAV<lambda_42506531d319a600ce771deb5a236a10>@@V<lambda_31f843250ba6188c6e1f35d2bec6db0e>@@@?$__crt_seh_guarded_call@H@@QAEH$$QAV<lambda_b7f50223258ab9fcc98080d45d02b1a4>@@AAV<lambda_42506531d319a600ce771deb5a236a10>@@$$QAV<lambda_31f843250ba6188c6e1f35d2bec6db0e>@@@Z 1001a42a f i libucrt:output.obj
 0001:0001947b       ??$?RV<lambda_cc35d49d909def412005bd38ddc96b77>@@AAV<lambda_d6a382b8dd98a6801a8abd6c28bdff2d>@@V<lambda_148068cfb9786d9714740654406e93d5>@@@?$__crt_seh_guarded_call@H@@QAEH$$QAV<lambda_cc35d49d909def412005bd38ddc96b77>@@AAV<lambda_d6a382b8dd98a6801a8abd6c28bdff2d>@@$$QAV<lambda_148068cfb9786d9714740654406e93d5>@@@Z 1001a47b f i libucrt:output.obj
 0001:000194cc       ??$__acrt_lock_stream_and_call@V<lambda_42506531d319a600ce771deb5a236a10>@@@@YAHQAU_iobuf@@$$QAV<lambda_42506531d319a600ce771deb5a236a10>@@@Z 1001a4cc f i libucrt:output.obj
 0001:000194f4       ??$__acrt_lock_stream_and_call@V<lambda_96392db5b14a27f72535a2156da24b09>@@@@YAHQAU_iobuf@@$$QAV<lambda_96392db5b14a27f72535a2156da24b09>@@@Z 1001a4f4 f i libucrt:output.obj
 0001:0001951c       ??$__acrt_lock_stream_and_call@V<lambda_c4f131f91cb4ec00a5b0a26aa161b8b4>@@@@YAHQAU_iobuf@@$$QAV<lambda_c4f131f91cb4ec00a5b0a26aa161b8b4>@@@Z 1001a51c f i libucrt:output.obj
 0001:00019544       ??$__acrt_lock_stream_and_call@V<lambda_d6a382b8dd98a6801a8abd6c28bdff2d>@@@@YAHQAU_iobuf@@$$QAV<lambda_d6a382b8dd98a6801a8abd6c28bdff2d>@@@Z 1001a544 f i libucrt:output.obj
 0001:0001956c       ??$__acrt_lock_stream_and_call@V<lambda_df52180bf14694d51fdefd82613e8f07>@@@@YAHQAU_iobuf@@$$QAV<lambda_df52180bf14694d51fdefd82613e8f07>@@@Z 1001a56c f i libucrt:output.obj
 0001:00019594       ??$__acrt_lock_stream_and_call@V<lambda_e38011a3ba6e07c7dbcef4d549f26102>@@@@YAHQAU_iobuf@@$$QAV<lambda_e38011a3ba6e07c7dbcef4d549f26102>@@@Z 1001a594 f i libucrt:output.obj
 0001:000195bc       ??$__crt_interlocked_read@J@@YAJPDJ@Z 1001a5bc f i libucrt:output.obj
 0001:0001a45b       ??$count@D@formatting_buffer@__crt_stdio_output@@QBEIXZ 1001b45b f i libucrt:output.obj
 0001:0001a473       ??$count@_W@formatting_buffer@__crt_stdio_output@@QBEIXZ 1001b473 f i libucrt:output.obj
 0001:0001a48c       ??$data@D@formatting_buffer@__crt_stdio_output@@QAEPADXZ 1001b48c f i libucrt:output.obj
 0001:0001a499       ??$data@_W@formatting_buffer@__crt_stdio_output@@QAEPA_WXZ 1001b499 f i libucrt:output.obj
 0001:0001a4a6       ??$ensure_buffer_is_big_enough@D@formatting_buffer@__crt_stdio_output@@QAE_NI@Z 1001b4a6 f i libucrt:output.obj
 0001:0001a52c       ??$extract_argument_from_va_list@C_J@?$positional_parameter_base@DV?$stream_output_adapter@D@__crt_stdio_output@@@__crt_stdio_output@@IAE_NAA_J@Z 1001b52c f i libucrt:output.obj
 0001:0001a5ab       ??$extract_argument_from_va_list@C_J@?$positional_parameter_base@DV?$string_output_adapter@D@__crt_stdio_output@@@__crt_stdio_output@@IAE_NAA_J@Z 1001b5ab f i libucrt:output.obj
 0001:0001a62a       ??$extract_argument_from_va_list@C_J@?$positional_parameter_base@_WV?$stream_output_adapter@_W@__crt_stdio_output@@@__crt_stdio_output@@IAE_NAA_J@Z 1001b62a f i libucrt:output.obj
 0001:0001a6a9       ??$extract_argument_from_va_list@C_J@?$positional_parameter_base@_WV?$string_output_adapter@_W@__crt_stdio_output@@@__crt_stdio_output@@IAE_NAA_J@Z 1001b6a9 f i libucrt:output.obj
 0001:0001a728       ??$extract_argument_from_va_list@C_J@?$standard_base@DV?$stream_output_adapter@D@__crt_stdio_output@@@__crt_stdio_output@@IAE_NAA_J@Z 1001b728 f i libucrt:output.obj
 0001:0001a747       ??$extract_argument_from_va_list@C_J@?$standard_base@DV?$string_output_adapter@D@__crt_stdio_output@@@__crt_stdio_output@@IAE_NAA_J@Z 1001b747 f i libucrt:output.obj
 0001:0001a766       ??$extract_argument_from_va_list@C_J@?$standard_base@_WV?$stream_output_adapter@_W@__crt_stdio_output@@@__crt_stdio_output@@IAE_NAA_J@Z 1001b766 f i libucrt:output.obj
 0001:0001a785       ??$extract_argument_from_va_list@C_J@?$standard_base@_WV?$string_output_adapter@_W@__crt_stdio_output@@@__crt_stdio_output@@IAE_NAA_J@Z 1001b785 f i libucrt:output.obj
 0001:0001a7a4       ??$extract_argument_from_va_list@E_J@?$positional_parameter_base@DV?$stream_output_adapter@D@__crt_stdio_output@@@__crt_stdio_output@@IAE_NAA_J@Z 1001b7a4 f i libucrt:output.obj
 0001:0001a823       ??$extract_argument_from_va_list@E_J@?$positional_parameter_base@DV?$string_output_adapter@D@__crt_stdio_output@@@__crt_stdio_output@@IAE_NAA_J@Z 1001b823 f i libucrt:output.obj
 0001:0001a8a2       ??$extract_argument_from_va_list@E_J@?$positional_parameter_base@_WV?$stream_output_adapter@_W@__crt_stdio_output@@@__crt_stdio_output@@IAE_NAA_J@Z 1001b8a2 f i libucrt:output.obj
 0001:0001a921       ??$extract_argument_from_va_list@E_J@?$positional_parameter_base@_WV?$string_output_adapter@_W@__crt_stdio_output@@@__crt_stdio_output@@IAE_NAA_J@Z 1001b921 f i libucrt:output.obj
 0001:0001a9a0       ??$extract_argument_from_va_list@E_J@?$standard_base@DV?$stream_output_adapter@D@__crt_stdio_output@@@__crt_stdio_output@@IAE_NAA_J@Z 1001b9a0 f i libucrt:output.obj
 0001:0001a9bf       ??$extract_argument_from_va_list@E_J@?$standard_base@DV?$string_output_adapter@D@__crt_stdio_output@@@__crt_stdio_output@@IAE_NAA_J@Z 1001b9bf f i libucrt:output.obj
 0001:0001a9de       ??$extract_argument_from_va_list@E_J@?$standard_base@_WV?$stream_output_adapter@_W@__crt_stdio_output@@@__crt_stdio_output@@IAE_NAA_J@Z 1001b9de f i libucrt:output.obj
 0001:0001a9fd       ??$extract_argument_from_va_list@E_J@?$standard_base@_WV?$string_output_adapter@_W@__crt_stdio_output@@@__crt_stdio_output@@IAE_NAA_J@Z 1001b9fd f i libucrt:output.obj
 0001:0001aa1c       ??$extract_argument_from_va_list@F_J@?$positional_parameter_base@DV?$stream_output_adapter@D@__crt_stdio_output@@@__crt_stdio_output@@IAE_NAA_J@Z 1001ba1c f i libucrt:output.obj
 0001:0001aa9b       ??$extract_argument_from_va_list@F_J@?$positional_parameter_base@DV?$string_output_adapter@D@__crt_stdio_output@@@__crt_stdio_output@@IAE_NAA_J@Z 1001ba9b f i libucrt:output.obj
 0001:0001ab1a       ??$extract_argument_from_va_list@F_J@?$positional_parameter_base@_WV?$stream_output_adapter@_W@__crt_stdio_output@@@__crt_stdio_output@@IAE_NAA_J@Z 1001bb1a f i libucrt:output.obj
 0001:0001ab99       ??$extract_argument_from_va_list@F_J@?$positional_parameter_base@_WV?$string_output_adapter@_W@__crt_stdio_output@@@__crt_stdio_output@@IAE_NAA_J@Z 1001bb99 f i libucrt:output.obj
 0001:0001ac18       ??$extract_argument_from_va_list@F_J@?$standard_base@DV?$stream_output_adapter@D@__crt_stdio_output@@@__crt_stdio_output@@IAE_NAA_J@Z 1001bc18 f i libucrt:output.obj
 0001:0001ac37       ??$extract_argument_from_va_list@F_J@?$standard_base@DV?$string_output_adapter@D@__crt_stdio_output@@@__crt_stdio_output@@IAE_NAA_J@Z 1001bc37 f i libucrt:output.obj
 0001:0001ac56       ??$extract_argument_from_va_list@F_J@?$standard_base@_WV?$stream_output_adapter@_W@__crt_stdio_output@@@__crt_stdio_output@@IAE_NAA_J@Z 1001bc56 f i libucrt:output.obj
 0001:0001ac75       ??$extract_argument_from_va_list@F_J@?$standard_base@_WV?$string_output_adapter@_W@__crt_stdio_output@@@__crt_stdio_output@@IAE_NAA_J@Z 1001bc75 f i libucrt:output.obj
 0001:0001ac94       ??$extract_argument_from_va_list@GD@?$positional_parameter_base@DV?$stream_output_adapter@D@__crt_stdio_output@@@__crt_stdio_output@@IAE_NAAD@Z 1001bc94 f i libucrt:output.obj
 0001:0001ad12       ??$extract_argument_from_va_list@GD@?$positional_parameter_base@DV?$string_output_adapter@D@__crt_stdio_output@@@__crt_stdio_output@@IAE_NAAD@Z 1001bd12 f i libucrt:output.obj
 0001:0001ad90       ??$extract_argument_from_va_list@GD@?$standard_base@DV?$stream_output_adapter@D@__crt_stdio_output@@@__crt_stdio_output@@IAE_NAAD@Z 1001bd90 f i libucrt:output.obj
 0001:0001adaa       ??$extract_argument_from_va_list@GD@?$standard_base@DV?$string_output_adapter@D@__crt_stdio_output@@@__crt_stdio_output@@IAE_NAAD@Z 1001bdaa f i libucrt:output.obj
 0001:0001adc4       ??$extract_argument_from_va_list@G_J@?$positional_parameter_base@DV?$stream_output_adapter@D@__crt_stdio_output@@@__crt_stdio_output@@IAE_NAA_J@Z 1001bdc4 f i libucrt:output.obj
 0001:0001ae43       ??$extract_argument_from_va_list@G_J@?$positional_parameter_base@DV?$string_output_adapter@D@__crt_stdio_output@@@__crt_stdio_output@@IAE_NAA_J@Z 1001be43 f i libucrt:output.obj
 0001:0001aec2       ??$extract_argument_from_va_list@G_J@?$positional_parameter_base@_WV?$stream_output_adapter@_W@__crt_stdio_output@@@__crt_stdio_output@@IAE_NAA_J@Z 1001bec2 f i libucrt:output.obj
 0001:0001af41       ??$extract_argument_from_va_list@G_J@?$positional_parameter_base@_WV?$string_output_adapter@_W@__crt_stdio_output@@@__crt_stdio_output@@IAE_NAA_J@Z 1001bf41 f i libucrt:output.obj
 0001:0001afc0       ??$extract_argument_from_va_list@G_J@?$standard_base@DV?$stream_output_adapter@D@__crt_stdio_output@@@__crt_stdio_output@@IAE_NAA_J@Z 1001bfc0 f i libucrt:output.obj
 0001:0001afdf       ??$extract_argument_from_va_list@G_J@?$standard_base@DV?$string_output_adapter@D@__crt_stdio_output@@@__crt_stdio_output@@IAE_NAA_J@Z 1001bfdf f i libucrt:output.obj
 0001:0001affe       ??$extract_argument_from_va_list@G_J@?$standard_base@_WV?$stream_output_adapter@_W@__crt_stdio_output@@@__crt_stdio_output@@IAE_NAA_J@Z 1001bffe f i libucrt:output.obj
 0001:0001b01d       ??$extract_argument_from_va_list@G_J@?$standard_base@_WV?$string_output_adapter@_W@__crt_stdio_output@@@__crt_stdio_output@@IAE_NAA_J@Z 1001c01d f i libucrt:output.obj
 0001:0001b03c       ??$extract_argument_from_va_list@H_J@?$positional_parameter_base@DV?$stream_output_adapter@D@__crt_stdio_output@@@__crt_stdio_output@@IAE_NAA_J@Z 1001c03c f i libucrt:output.obj
 0001:0001b0b9       ??$extract_argument_from_va_list@H_J@?$positional_parameter_base@DV?$string_output_adapter@D@__crt_stdio_output@@@__crt_stdio_output@@IAE_NAA_J@Z 1001c0b9 f i libucrt:output.obj
 0001:0001b136       ??$extract_argument_from_va_list@H_J@?$positional_parameter_base@_WV?$stream_output_adapter@_W@__crt_stdio_output@@@__crt_stdio_output@@IAE_NAA_J@Z 1001c136 f i libucrt:output.obj
 0001:0001b1b3       ??$extract_argument_from_va_list@H_J@?$positional_parameter_base@_WV?$string_output_adapter@_W@__crt_stdio_output@@@__crt_stdio_output@@IAE_NAA_J@Z 1001c1b3 f i libucrt:output.obj
 0001:0001b230       ??$extract_argument_from_va_list@H_J@?$standard_base@DV?$stream_output_adapter@D@__crt_stdio_output@@@__crt_stdio_output@@IAE_NAA_J@Z 1001c230 f i libucrt:output.obj
 0001:0001b24e       ??$extract_argument_from_va_list@H_J@?$standard_base@DV?$string_output_adapter@D@__crt_stdio_output@@@__crt_stdio_output@@IAE_NAA_J@Z 1001c24e f i libucrt:output.obj
 0001:0001b26c       ??$extract_argument_from_va_list@H_J@?$standard_base@_WV?$stream_output_adapter@_W@__crt_stdio_output@@@__crt_stdio_output@@IAE_NAA_J@Z 1001c26c f i libucrt:output.obj
 0001:0001b28a       ??$extract_argument_from_va_list@H_J@?$standard_base@_WV?$string_output_adapter@_W@__crt_stdio_output@@@__crt_stdio_output@@IAE_NAA_J@Z 1001c28a f i libucrt:output.obj
 0001:0001b2a8       ??$extract_argument_from_va_list@I_J@?$positional_parameter_base@DV?$stream_output_adapter@D@__crt_stdio_output@@@__crt_stdio_output@@IAE_NAA_J@Z 1001c2a8 f i libucrt:output.obj
 0001:0001b32e       ??$extract_argument_from_va_list@I_J@?$positional_parameter_base@DV?$string_output_adapter@D@__crt_stdio_output@@@__crt_stdio_output@@IAE_NAA_J@Z 1001c32e f i libucrt:output.obj
 0001:0001b3b4       ??$extract_argument_from_va_list@I_J@?$positional_parameter_base@_WV?$stream_output_adapter@_W@__crt_stdio_output@@@__crt_stdio_output@@IAE_NAA_J@Z 1001c3b4 f i libucrt:output.obj
 0001:0001b43a       ??$extract_argument_from_va_list@I_J@?$positional_parameter_base@_WV?$string_output_adapter@_W@__crt_stdio_output@@@__crt_stdio_output@@IAE_NAA_J@Z 1001c43a f i libucrt:output.obj
 0001:0001b4c0       ??$extract_argument_from_va_list@I_J@?$standard_base@DV?$stream_output_adapter@D@__crt_stdio_output@@@__crt_stdio_output@@IAE_NAA_J@Z 1001c4c0 f i libucrt:output.obj
 0001:0001b4de       ??$extract_argument_from_va_list@I_J@?$standard_base@DV?$string_output_adapter@D@__crt_stdio_output@@@__crt_stdio_output@@IAE_NAA_J@Z 1001c4de f i libucrt:output.obj
 0001:0001b4fc       ??$extract_argument_from_va_list@I_J@?$standard_base@_WV?$stream_output_adapter@_W@__crt_stdio_output@@@__crt_stdio_output@@IAE_NAA_J@Z 1001c4fc f i libucrt:output.obj
 0001:0001b51a       ??$extract_argument_from_va_list@I_J@?$standard_base@_WV?$string_output_adapter@_W@__crt_stdio_output@@@__crt_stdio_output@@IAE_NAA_J@Z 1001c51a f i libucrt:output.obj
 0001:0001b538       ??$extract_argument_from_va_list@PADPAD@?$positional_parameter_base@DV?$stream_output_adapter@D@__crt_stdio_output@@@__crt_stdio_output@@IAE_NAAPAD@Z 1001c538 f i libucrt:output.obj
 0001:0001b5b6       ??$extract_argument_from_va_list@PADPAD@?$positional_parameter_base@DV?$string_output_adapter@D@__crt_stdio_output@@@__crt_stdio_output@@IAE_NAAPAD@Z 1001c5b6 f i libucrt:output.obj
 0001:0001b634       ??$extract_argument_from_va_list@PADPAD@?$positional_parameter_base@_WV?$stream_output_adapter@_W@__crt_stdio_output@@@__crt_stdio_output@@IAE_NAAPAD@Z 1001c634 f i libucrt:output.obj
 0001:0001b6b2       ??$extract_argument_from_va_list@PADPAD@?$positional_parameter_base@_WV?$string_output_adapter@_W@__crt_stdio_output@@@__crt_stdio_output@@IAE_NAAPAD@Z 1001c6b2 f i libucrt:output.obj
 0001:0001b730       ??$extract_argument_from_va_list@PADPAD@?$standard_base@DV?$stream_output_adapter@D@__crt_stdio_output@@@__crt_stdio_output@@IAE_NAAPAD@Z 1001c730 f i libucrt:output.obj
 0001:0001b74a       ??$extract_argument_from_va_list@PADPAD@?$standard_base@DV?$string_output_adapter@D@__crt_stdio_output@@@__crt_stdio_output@@IAE_NAAPAD@Z 1001c74a f i libucrt:output.obj
 0001:0001b764       ??$extract_argument_from_va_list@PADPAD@?$standard_base@_WV?$stream_output_adapter@_W@__crt_stdio_output@@@__crt_stdio_output@@IAE_NAAPAD@Z 1001c764 f i libucrt:output.obj
 0001:0001b77e       ??$extract_argument_from_va_list@PADPAD@?$standard_base@_WV?$string_output_adapter@_W@__crt_stdio_output@@@__crt_stdio_output@@IAE_NAAPAD@Z 1001c77e f i libucrt:output.obj
 0001:0001b798       ??$extract_argument_from_va_list@PAUansi_string@?1??type_case_Z@?$output_processor@DV?$stream_output_adapter@D@__crt_stdio_output@@V?$format_validation_base@DV?$stream_output_adapter@D@__crt_stdio_output@@@2@@__crt_stdio_output@@AAE_NXZ@PAU1?1??234@AAE_NXZ@@?$standard_base@DV?$stream_output_adapter@D@__crt_stdio_output@@@__crt_stdio_output@@IAE_NAAPAUansi_string@?1??type_case_Z@?$output_processor@DV?$stream_output_adapter@D@__crt_stdio_output@@V?$format_validation_base@DV?$stream_output_adapter@D@__crt_stdio_output@@@2@@1@AAE_NXZ@@Z 1001c798 f i libucrt:output.obj
 0001:0001b7b2       ??$extract_argument_from_va_list@PAUansi_string@?1??type_case_Z@?$output_processor@DV?$stream_output_adapter@D@__crt_stdio_output@@V?$positional_parameter_base@DV?$stream_output_adapter@D@__crt_stdio_output@@@2@@__crt_stdio_output@@AAE_NXZ@PAU1?1??234@AAE_NXZ@@?$positional_parameter_base@DV?$stream_output_adapter@D@__crt_stdio_output@@@__crt_stdio_output@@IAE_NAAPAUansi_string@?1??type_case_Z@?$output_processor@DV?$stream_output_adapter@D@__crt_stdio_output@@V?$positional_parameter_base@DV?$stream_output_adapter@D@__crt_stdio_output@@@2@@1@AAE_NXZ@@Z 1001c7b2 f i libucrt:output.obj
 0001:0001b830       ??$extract_argument_from_va_list@PAUansi_string@?1??type_case_Z@?$output_processor@DV?$stream_output_adapter@D@__crt_stdio_output@@V?$positional_parameter_base@DV?$stream_output_adapter@D@__crt_stdio_output@@@2@@__crt_stdio_output@@AAE_NXZ@PAU1?1??234@AAE_NXZ@@?$standard_base@DV?$stream_output_adapter@D@__crt_stdio_output@@@__crt_stdio_output@@IAE_NAAPAUansi_string@?1??type_case_Z@?$output_processor@DV?$stream_output_adapter@D@__crt_stdio_output@@V?$positional_parameter_base@DV?$stream_output_adapter@D@__crt_stdio_output@@@2@@1@AAE_NXZ@@Z 1001c830 f i libucrt:output.obj
 0001:0001b84a       ??$extract_argument_from_va_list@PAUansi_string@?1??type_case_Z@?$output_processor@DV?$stream_output_adapter@D@__crt_stdio_output@@V?$standard_base@DV?$stream_output_adapter@D@__crt_stdio_output@@@2@@__crt_stdio_output@@AAE_NXZ@PAU1?1??234@AAE_NXZ@@?$standard_base@DV?$stream_output_adapter@D@__crt_stdio_output@@@__crt_stdio_output@@IAE_NAAPAUansi_string@?1??type_case_Z@?$output_processor@DV?$stream_output_adapter@D@__crt_stdio_output@@V?$standard_base@DV?$stream_output_adapter@D@__crt_stdio_output@@@2@@1@AAE_NXZ@@Z 1001c84a f i libucrt:output.obj
 0001:0001b864       ??$extract_argument_from_va_list@PAUansi_string@?1??type_case_Z@?$output_processor@DV?$string_output_adapter@D@__crt_stdio_output@@V?$format_validation_base@DV?$string_output_adapter@D@__crt_stdio_output@@@2@@__crt_stdio_output@@AAE_NXZ@PAU1?1??234@AAE_NXZ@@?$standard_base@DV?$string_output_adapter@D@__crt_stdio_output@@@__crt_stdio_output@@IAE_NAAPAUansi_string@?1??type_case_Z@?$output_processor@DV?$string_output_adapter@D@__crt_stdio_output@@V?$format_validation_base@DV?$string_output_adapter@D@__crt_stdio_output@@@2@@1@AAE_NXZ@@Z 1001c864 f i libucrt:output.obj
 0001:0001b87e       ??$extract_argument_from_va_list@PAUansi_string@?1??type_case_Z@?$output_processor@DV?$string_output_adapter@D@__crt_stdio_output@@V?$positional_parameter_base@DV?$string_output_adapter@D@__crt_stdio_output@@@2@@__crt_stdio_output@@AAE_NXZ@PAU1?1??234@AAE_NXZ@@?$positional_parameter_base@DV?$string_output_adapter@D@__crt_stdio_output@@@__crt_stdio_output@@IAE_NAAPAUansi_string@?1??type_case_Z@?$output_processor@DV?$string_output_adapter@D@__crt_stdio_output@@V?$positional_parameter_base@DV?$string_output_adapter@D@__crt_stdio_output@@@2@@1@AAE_NXZ@@Z 1001c87e f i libucrt:output.obj
 0001:0001b8fc       ??$extract_argument_from_va_list@PAUansi_string@?1??type_case_Z@?$output_processor@DV?$string_output_adapter@D@__crt_stdio_output@@V?$positional_parameter_base@DV?$string_output_adapter@D@__crt_stdio_output@@@2@@__crt_stdio_output@@AAE_NXZ@PAU1?1??234@AAE_NXZ@@?$standard_base@DV?$string_output_adapter@D@__crt_stdio_output@@@__crt_stdio_output@@IAE_NAAPAUansi_string@?1??type_case_Z@?$output_processor@DV?$string_output_adapter@D@__crt_stdio_output@@V?$positional_parameter_base@DV?$string_output_adapter@D@__crt_stdio_output@@@2@@1@AAE_NXZ@@Z 1001c8fc f i libucrt:output.obj
 0001:0001b916       ??$extract_argument_from_va_list@PAUansi_string@?1??type_case_Z@?$output_processor@DV?$string_output_adapter@D@__crt_stdio_output@@V?$standard_base@DV?$string_output_adapter@D@__crt_stdio_output@@@2@@__crt_stdio_output@@AAE_NXZ@PAU1?1??234@AAE_NXZ@@?$standard_base@DV?$string_output_adapter@D@__crt_stdio_output@@@__crt_stdio_output@@IAE_NAAPAUansi_string@?1??type_case_Z@?$output_processor@DV?$string_output_adapter@D@__crt_stdio_output@@V?$standard_base@DV?$string_output_adapter@D@__crt_stdio_output@@@2@@1@AAE_NXZ@@Z 1001c916 f i libucrt:output.obj
 0001:0001b930       ??$extract_argument_from_va_list@PAUansi_string@?1??type_case_Z@?$output_processor@_WV?$stream_output_adapter@_W@__crt_stdio_output@@V?$format_validation_base@_WV?$stream_output_adapter@_W@__crt_stdio_output@@@2@@__crt_stdio_output@@AAE_NXZ@PAU1?1??234@AAE_NXZ@@?$standard_base@_WV?$stream_output_adapter@_W@__crt_stdio_output@@@__crt_stdio_output@@IAE_NAAPAUansi_string@?1??type_case_Z@?$output_processor@_WV?$stream_output_adapter@_W@__crt_stdio_output@@V?$format_validation_base@_WV?$stream_output_adapter@_W@__crt_stdio_output@@@2@@1@AAE_NXZ@@Z 1001c930 f i libucrt:output.obj
 0001:0001b94a       ??$extract_argument_from_va_list@PAUansi_string@?1??type_case_Z@?$output_processor@_WV?$stream_output_adapter@_W@__crt_stdio_output@@V?$positional_parameter_base@_WV?$stream_output_adapter@_W@__crt_stdio_output@@@2@@__crt_stdio_output@@AAE_NXZ@PAU1?1??234@AAE_NXZ@@?$positional_parameter_base@_WV?$stream_output_adapter@_W@__crt_stdio_output@@@__crt_stdio_output@@IAE_NAAPAUansi_string@?1??type_case_Z@?$output_processor@_WV?$stream_output_adapter@_W@__crt_stdio_output@@V?$positional_parameter_base@_WV?$stream_output_adapter@_W@__crt_stdio_output@@@2@@1@AAE_NXZ@@Z 1001c94a f i libucrt:output.obj
 0001:0001b9c8       ??$extract_argument_from_va_list@PAUansi_string@?1??type_case_Z@?$output_processor@_WV?$stream_output_adapter@_W@__crt_stdio_output@@V?$positional_parameter_base@_WV?$stream_output_adapter@_W@__crt_stdio_output@@@2@@__crt_stdio_output@@AAE_NXZ@PAU1?1??234@AAE_NXZ@@?$standard_base@_WV?$stream_output_adapter@_W@__crt_stdio_output@@@__crt_stdio_output@@IAE_NAAPAUansi_string@?1??type_case_Z@?$output_processor@_WV?$stream_output_adapter@_W@__crt_stdio_output@@V?$positional_parameter_base@_WV?$stream_output_adapter@_W@__crt_stdio_output@@@2@@1@AAE_NXZ@@Z 1001c9c8 f i libucrt:output.obj
 0001:0001b9e2       ??$extract_argument_from_va_list@PAUansi_string@?1??type_case_Z@?$output_processor@_WV?$stream_output_adapter@_W@__crt_stdio_output@@V?$standard_base@_WV?$stream_output_adapter@_W@__crt_stdio_output@@@2@@__crt_stdio_output@@AAE_NXZ@PAU1?1??234@AAE_NXZ@@?$standard_base@_WV?$stream_output_adapter@_W@__crt_stdio_output@@@__crt_stdio_output@@IAE_NAAPAUansi_string@?1??type_case_Z@?$output_processor@_WV?$stream_output_adapter@_W@__crt_stdio_output@@V?$standard_base@_WV?$stream_output_adapter@_W@__crt_stdio_output@@@2@@1@AAE_NXZ@@Z 1001c9e2 f i libucrt:output.obj
 0001:0001b9fc       ??$extract_argument_from_va_list@PAUansi_string@?1??type_case_Z@?$output_processor@_WV?$string_output_adapter@_W@__crt_stdio_output@@V?$format_validation_base@_WV?$string_output_adapter@_W@__crt_stdio_output@@@2@@__crt_stdio_output@@AAE_NXZ@PAU1?1??234@AAE_NXZ@@?$standard_base@_WV?$string_output_adapter@_W@__crt_stdio_output@@@__crt_stdio_output@@IAE_NAAPAUansi_string@?1??type_case_Z@?$output_processor@_WV?$string_output_adapter@_W@__crt_stdio_output@@V?$format_validation_base@_WV?$string_output_adapter@_W@__crt_stdio_output@@@2@@1@AAE_NXZ@@Z 1001c9fc f i libucrt:output.obj
 0001:0001ba16       ??$extract_argument_from_va_list@PAUansi_string@?1??type_case_Z@?$output_processor@_WV?$string_output_adapter@_W@__crt_stdio_output@@V?$positional_parameter_base@_WV?$string_output_adapter@_W@__crt_stdio_output@@@2@@__crt_stdio_output@@AAE_NXZ@PAU1?1??234@AAE_NXZ@@?$positional_parameter_base@_WV?$string_output_adapter@_W@__crt_stdio_output@@@__crt_stdio_output@@IAE_NAAPAUansi_string@?1??type_case_Z@?$output_processor@_WV?$string_output_adapter@_W@__crt_stdio_output@@V?$positional_parameter_base@_WV?$string_output_adapter@_W@__crt_stdio_output@@@2@@1@AAE_NXZ@@Z 1001ca16 f i libucrt:output.obj
 0001:0001ba94       ??$extract_argument_from_va_list@PAUansi_string@?1??type_case_Z@?$output_processor@_WV?$string_output_adapter@_W@__crt_stdio_output@@V?$positional_parameter_base@_WV?$string_output_adapter@_W@__crt_stdio_output@@@2@@__crt_stdio_output@@AAE_NXZ@PAU1?1??234@AAE_NXZ@@?$standard_base@_WV?$string_output_adapter@_W@__crt_stdio_output@@@__crt_stdio_output@@IAE_NAAPAUansi_string@?1??type_case_Z@?$output_processor@_WV?$string_output_adapter@_W@__crt_stdio_output@@V?$positional_parameter_base@_WV?$string_output_adapter@_W@__crt_stdio_output@@@2@@1@AAE_NXZ@@Z 1001ca94 f i libucrt:output.obj
 0001:0001baae       ??$extract_argument_from_va_list@PAUansi_string@?1??type_case_Z@?$output_processor@_WV?$string_output_adapter@_W@__crt_stdio_output@@V?$standard_base@_WV?$string_output_adapter@_W@__crt_stdio_output@@@2@@__crt_stdio_output@@AAE_NXZ@PAU1?1??234@AAE_NXZ@@?$standard_base@_WV?$string_output_adapter@_W@__crt_stdio_output@@@__crt_stdio_output@@IAE_NAAPAUansi_string@?1??type_case_Z@?$output_processor@_WV?$string_output_adapter@_W@__crt_stdio_output@@V?$standard_base@_WV?$string_output_adapter@_W@__crt_stdio_output@@@2@@1@AAE_NXZ@@Z 1001caae f i libucrt:output.obj
 0001:0001bac8       ??$extract_argument_from_va_list@PAXPAX@?$positional_parameter_base@DV?$stream_output_adapter@D@__crt_stdio_output@@@__crt_stdio_output@@IAE_NAAPAX@Z 1001cac8 f i libucrt:output.obj
 0001:0001bb46       ??$extract_argument_from_va_list@PAXPAX@?$positional_parameter_base@DV?$string_output_adapter@D@__crt_stdio_output@@@__crt_stdio_output@@IAE_NAAPAX@Z 1001cb46 f i libucrt:output.obj
 0001:0001bbc4       ??$extract_argument_from_va_list@PAXPAX@?$positional_parameter_base@_WV?$stream_output_adapter@_W@__crt_stdio_output@@@__crt_stdio_output@@IAE_NAAPAX@Z 1001cbc4 f i libucrt:output.obj
 0001:0001bc42       ??$extract_argument_from_va_list@PAXPAX@?$positional_parameter_base@_WV?$string_output_adapter@_W@__crt_stdio_output@@@__crt_stdio_output@@IAE_NAAPAX@Z 1001cc42 f i libucrt:output.obj
 0001:0001bcc0       ??$extract_argument_from_va_list@PAXPAX@?$standard_base@DV?$stream_output_adapter@D@__crt_stdio_output@@@__crt_stdio_output@@IAE_NAAPAX@Z 1001ccc0 f i libucrt:output.obj
 0001:0001bcda       ??$extract_argument_from_va_list@PAXPAX@?$standard_base@DV?$string_output_adapter@D@__crt_stdio_output@@@__crt_stdio_output@@IAE_NAAPAX@Z 1001ccda f i libucrt:output.obj
 0001:0001bcf4       ??$extract_argument_from_va_list@PAXPAX@?$standard_base@_WV?$stream_output_adapter@_W@__crt_stdio_output@@@__crt_stdio_output@@IAE_NAAPAX@Z 1001ccf4 f i libucrt:output.obj
 0001:0001bd0e       ??$extract_argument_from_va_list@PAXPAX@?$standard_base@_WV?$string_output_adapter@_W@__crt_stdio_output@@@__crt_stdio_output@@IAE_NAAPAX@Z 1001cd0e f i libucrt:output.obj
 0001:0001bd28       ??$extract_argument_from_va_list@U_CRT_DOUBLE@@U1@@?$positional_parameter_base@DV?$stream_output_adapter@D@__crt_stdio_output@@@__crt_stdio_output@@IAE_NAAU_CRT_DOUBLE@@@Z 1001cd28 f i libucrt:output.obj
[...]
 0002:0000c220       __sehtable$?__acrt_stdio_allocate_stream@@YA?AV__crt_stdio_stream@@XZ 1005d220     libucrt:stream.obj
 0002:0000c240       __sehtable$??$?RV<lambda_2866be3712abc81a800a822484c830d8>@@AAV<lambda_39ca0ed439415581b5b15c265174cece>@@V<lambda_2b24c74d71094a6cd0cb82e44167d71b>@@@?$__crt_seh_guarded_call@X@@QAEX$$QAV<lambda_2866be3712abc81a800a822484c830d8>@@AAV<lambda_39ca0ed439415581b5b15c265174cece>@@$$QAV<lambda_2b24c74d71094a6cd0cb82e44167d71b>@@@Z 1005d240     libucrt:fflush.obj
 0002:0000c260       __sehtable$??$?RV<lambda_2cc53f568c5a2bb6f192f930a45d44ea>@@AAV<lambda_ab61a845afdef5b7c387490eaf3616ee>@@V<lambda_c2ffc0b7726aa6be21d5f0026187e748>@@@?$__crt_seh_guarded_call@X@@QAEX$$QAV<lambda_2cc53f568c5a2bb6f192f930a45d44ea>@@AAV<lambda_ab61a845afdef5b7c387490eaf3616ee>@@$$QAV<lambda_c2ffc0b7726aa6be21d5f0026187e748>@@@Z 1005d260     libucrt:fflush.obj
 0002:0000c280       __sehtable$??$?RV<lambda_6d20deecaf4856105ebacbad442d1079>@@AAV<lambda_9a32fed5bf61b6b509b2d3f6003082a1>@@V<lambda_63ea2239ed67c638ddbae41947fdf875>@@@?$__crt_seh_guarded_call@H@@QAEH$$QAV<lambda_6d20deecaf4856105ebacbad442d1079>@@AAV<lambda_9a32fed5bf61b6b509b2d3f6003082a1>@@$$QAV<lambda_63ea2239ed67c638ddbae41947fdf875>@@@Z 1005d280     libucrt:fflush.obj
 0002:0000c2a0       __sehtable$??$?RV<lambda_93797fb4802c957ba6a7f08e1250235b>@@AAV<lambda_1f3ce6bd48e0aa2e72a71c02eee379d3>@@V<lambda_56cae30c9364c9b6c15aeaac05d0418e>@@@?$__crt_seh_guarded_call@H@@QAEH$$QAV<lambda_93797fb4802c957ba6a7f08e1250235b>@@AAV<lambda_1f3ce6bd48e0aa2e72a71c02eee379d3>@@$$QAV<lambda_56cae30c9364c9b6c15aeaac05d0418e>@@@Z 1005d2a0     libucrt:winapi_thunks.obj
 0002:0000c2c0       __sehtable$?update_thread_multibyte_data_internal@@YAPAU__crt_multibyte_data@@QAU__acrt_ptd@@QAU1@@Z 1005d2c0     libucrt:mbctype.obj
 0002:0000c2e0       __sehtable$??$?RV<lambda_ceb1ee4838e85a9d631eb091e2fbe199>@@AAV<lambda_ae742caa10f662c28703da3d2ea5e57e>@@V<lambda_cd08b5d6af4937fe54fc07d0c9bf6b37>@@@?$__crt_seh_guarded_call@X@@QAEX$$QAV<lambda_ceb1ee4838e85a9d631eb091e2fbe199>@@AAV<lambda_ae742caa10f662c28703da3d2ea5e57e>@@$$QAV<lambda_cd08b5d6af4937fe54fc07d0c9bf6b37>@@@Z 1005d2e0     libucrt:mbctype.obj
 0002:0000c300       __sehtable$__query_new_handler 1005d300     libucrt:new_handler.obj
 0002:0000c320       __sehtable$__set_new_handler 1005d320     libucrt:new_handler.obj
 0002:0000c340       __sehtable$_signal         1005d340     libucrt:signal.obj
 0002:0000c360       __sehtable$_raise          1005d360     libucrt:signal.obj
 0002:0000c380       __sehtable$?ctrlevent_capture@@YGHK@Z 1005d380     libucrt:signal.obj
 0002:0000c3a0       __sehtable$??$?RV<lambda_cbab9ec6f41b0180b23cc171c22676b0>@@AAV<lambda_44731a7d0e6d81c3e6aa82d741081786>@@V<lambda_4b292cb8dd18144e164572427af410ab>@@@?$__crt_seh_guarded_call@P6AXH@Z@@QAEP6AXH@Z$$QAV<lambda_cbab9ec6f41b0180b23cc171c22676b0>@@AAV<lambda_44731a7d0e6d81c3e6aa82d741081786>@@$$QAV<lambda_4b292cb8dd18144e164572427af410ab>@@@Z 1005d3a0     libucrt:signal.obj
 0002:0000c3c0       __sehtable$___acrt_update_thread_locale_data 1005d3c0     libucrt:locale_refcounting.obj
 0002:0000c3e0       __sehtable$__fcloseall     1005d3e0     libucrt:closeall.obj
 0002:0000c400       __sehtable$??$?RV<lambda_9e9de3de5fa147e2223d7db92bc10aa6>@@AAV<lambda_38ce7e780aa69e748d6df282ebc68efe>@@V<lambda_8ca6da459f0f6780f1cff60fdc3d00e5>@@@?$__crt_seh_guarded_call@H@@QAEH$$QAV<lambda_9e9de3de5fa147e2223d7db92bc10aa6>@@AAV<lambda_38ce7e780aa69e748d6df282ebc68efe>@@$$QAV<lambda_8ca6da459f0f6780f1cff60fdc3d00e5>@@@Z 1005d400     libucrt:commit.obj
 0002:0000c420       __sehtable$___set_fpsr_sse2 1005d420     libucrt:fpctrl.obj
 0002:0000c440       __sehtable$__IsNonwritableInCurrentImage 1005d440     LIBCMT:pesect.obj
 0002:0000c460       .edata                     1005d460     zlibwapi.exp
 0002:0000c488       rgpv                       1005d488     zlibwapi.exp
 0002:0000c744       rgszName                   1005d744     zlibwapi.exp
 0002:0000c948       rgwOrd                     1005d948     zlibwapi.exp
 0002:0000ca4a       szName                     1005da4a     zlibwapi.exp
 0002:0000ca57       $N00001                    1005da57     zlibwapi.exp
 0002:0000ca5f       $N00140                    1005da5f     zlibwapi.exp
 0002:0000ca6f       $N00174                    1005da6f     zlibwapi.exp
 0002:0000ca79       $N00039                    1005da79     zlibwapi.exp
 0002:0000ca83       $N00002                    1005da83     zlibwapi.exp
 0002:0000ca8c       $N00046                    1005da8c     zlibwapi.exp
 0002:0000ca9a       $N00003                    1005da9a     zlibwapi.exp
 0002:0000caa0       $N00142                    1005daa0     zlibwapi.exp
 0002:0000caae       $N00175                    1005daae     zlibwapi.exp
 0002:0000cab6       $N00004                    1005dab6     zlibwapi.exp
 0002:0000cabe       $N00047                    1005dabe     zlibwapi.exp
 0002:0000cacb       $N00005                    1005dacb     zlibwapi.exp
 0002:0000cad7       $N00006                    1005dad7     zlibwapi.exp
 0002:0000cae2       $N00173                    1005dae2     zlibwapi.exp
 0002:0000caf7       $N00007                    1005daf7     zlibwapi.exp
 0002:0000cb05       $N00008                    1005db05     zlibwapi.exp
 0002:0000cb12       $N00009                    1005db12     zlibwapi.exp
 0002:0000cb20       $N00052                    1005db20     zlibwapi.exp
 0002:0000cb2f       $N00051                    1005db2f     zlibwapi.exp
 0002:0000cb3c       $N00010                    1005db3c     zlibwapi.exp
 0002:0000cb49       $N00164                    1005db49     zlibwapi.exp
 0002:0000cb5a       $N00011                    1005db5a     zlibwapi.exp
 0002:0000cb6f       $N00144                    1005db6f     zlibwapi.exp
 0002:0000cb80       $N00145                    1005db80     zlibwapi.exp
 0002:0000cb8c       $N00110                    1005db8c     zlibwapi.exp
 0002:0000cba0       $N00111                    1005dba0     zlibwapi.exp
 0002:0000cbb6       $N00112                    1005dbb6     zlibwapi.exp
 0002:0000cbcd       $N00113                    1005dbcd     zlibwapi.exp
 0002:0000cbe4       $N00038                    1005dbe4     zlibwapi.exp
 0002:0000cbf2       $N00146                    1005dbf2     zlibwapi.exp
 0002:0000cbfb       $N00048                    1005dbfb     zlibwapi.exp
 0002:0000cc06       $N00012                    1005dc06     zlibwapi.exp
 0002:0000cc0e       $N00147                    1005dc0e     zlibwapi.exp
 0002:0000cc18       $N00148                    1005dc18     zlibwapi.exp
 0002:0000cc22       $N00149                    1005dc22     zlibwapi.exp
 0002:0000cc2b       $N00013                    1005dc2b     zlibwapi.exp
 0002:0000cc33       $N00034                    1005dc33     zlibwapi.exp
 0002:0000cc39       $N00014                    1005dc39     zlibwapi.exp
 0002:0000cc41       $N00015                    1005dc41     zlibwapi.exp
 0002:0000cc49       $N00171                    1005dc49     zlibwapi.exp
 0002:0000cc51       $N00172                    1005dc51     zlibwapi.exp
 0002:0000cc5a       $N00030                    1005dc5a     zlibwapi.exp
 0002:0000cc61       $N00161                    1005dc61     zlibwapi.exp
 0002:0000cc69       $N00041                    1005dc69     zlibwapi.exp
 0002:0000cc70       $N00150                    1005dc70     zlibwapi.exp
 0002:0000cc79       $N00016                    1005dc79     zlibwapi.exp
 0002:0000cc80       $N00165                    1005dc80     zlibwapi.exp
 0002:0000cc89       $N00028                    1005dc89     zlibwapi.exp
 0002:0000cc92       $N00029                    1005dc92     zlibwapi.exp
 0002:0000cc99       $N00040                    1005dc99     zlibwapi.exp
 0002:0000cca0       $N00017                    1005dca0     zlibwapi.exp
 0002:0000cca7       $N00032                    1005dca7     zlibwapi.exp
 0002:0000ccb0       $N00031                    1005dcb0     zlibwapi.exp
 0002:0000ccb7       $N00035                    1005dcb7     zlibwapi.exp
 0002:0000ccc3       $N00033                    1005dcc3     zlibwapi.exp
 0002:0000ccca       $N00049                    1005dcca     zlibwapi.exp
 0002:0000ccd3       $N00167                    1005dcd3     zlibwapi.exp
 0002:0000ccdd       $N00018                    1005dcdd     zlibwapi.exp
 0002:0000cce5       $N00019                    1005dce5     zlibwapi.exp
 0002:0000cced       $N00044                    1005dced     zlibwapi.exp
 0002:0000ccf9       $N00045                    1005dcf9     zlibwapi.exp
 0002:0000cd08       $N00043                    1005dd08     zlibwapi.exp
 0002:0000cd19       $N00168                    1005dd19     zlibwapi.exp
 0002:0000cd2a       $N00042                    1005dd2a     zlibwapi.exp
 0002:0000cd36       $N00020                    1005dd36     zlibwapi.exp
 0002:0000cd41       $N00166                    1005dd41     zlibwapi.exp
 0002:0000cd56       $N00156                    1005dd56     zlibwapi.exp
 0002:0000cd67       $N00021                    1005dd67     zlibwapi.exp
 0002:0000cd75       $N00022                    1005dd75     zlibwapi.exp
 0002:0000cd82       $N00157                    1005dd82     zlibwapi.exp
 0002:0000cd8e       $N00158                    1005dd8e     zlibwapi.exp
 0002:0000cd9b       $N00159                    1005dd9b     zlibwapi.exp
 0002:0000cda9       $N00023                    1005dda9     zlibwapi.exp
 0002:0000cdb6       $N00163                    1005ddb6     zlibwapi.exp
 0002:0000cdc7       $N00024                    1005ddc7     zlibwapi.exp
 0002:0000cddc       $N00025                    1005dddc     zlibwapi.exp
 0002:0000cde8       $N00037                    1005dde8     zlibwapi.exp
 0002:0000cdf9       $N00160                    1005ddf9     zlibwapi.exp
 0002:0000ce0a       $N00169                    1005de0a     zlibwapi.exp
 0002:0000ce1a       $N00170                    1005de1a     zlibwapi.exp
 0002:0000ce26       $N00026                    1005de26     zlibwapi.exp
 0002:0000ce31       $N00062                    1005de31     zlibwapi.exp
 0002:0000ce3a       $N00072                    1005de3a     zlibwapi.exp
 0002:0000ce4e       $N00124                    1005de4e     zlibwapi.exp
 0002:0000ce66       $N00064                    1005de66     zlibwapi.exp
 0002:0000ce7c       $N00125                    1005de7c     zlibwapi.exp
 0002:0000ce9a       $N00127                    1005de9a     zlibwapi.exp
 0002:0000ceaa       $N00100                    1005deaa     zlibwapi.exp
 0002:0000ceb8       $N00073                    1005deb8     zlibwapi.exp
 0002:0000cecc       $N00122                    1005decc     zlibwapi.exp
 0002:0000cedf       $N00063                    1005dedf     zlibwapi.exp
 0002:0000cef0       $N00076                    1005def0     zlibwapi.exp
 0002:0000cf06       $N00128                    1005df06     zlibwapi.exp
 0002:0000cf17       $N00101                    1005df17     zlibwapi.exp
 0002:0000cf26       $N00065                    1005df26     zlibwapi.exp
 0002:0000cf37       $N00066                    1005df37     zlibwapi.exp
 0002:0000cf47       $N00075                    1005df47     zlibwapi.exp
 0002:0000cf55       $N00077                    1005df55     zlibwapi.exp
 0002:0000cf5e       $N00121                    1005df5e     zlibwapi.exp
 0002:0000cf6a       $N00120                    1005df6a     zlibwapi.exp
 0002:0000cf74       $N00061                    1005df74     zlibwapi.exp
 0002:0000cf7c       $N00078                    1005df7c     zlibwapi.exp
 0002:0000cf90       $N00069                    1005df90     zlibwapi.exp
 0002:0000cfa4       $N00067                    1005dfa4     zlibwapi.exp
 0002:0000cfb7       $N00079                    1005dfb7     zlibwapi.exp
 0002:0000cfd2       $N00068                    1005dfd2     zlibwapi.exp
 0002:0000cfe5       $N00074                    1005dfe5     zlibwapi.exp
 0002:0000cffe       $N00071                    1005dffe     zlibwapi.exp
 0002:0000d005       $N00126                    1005e005     zlibwapi.exp
 0002:0000d00f       $N00070                    1005e00f     zlibwapi.exp
 0002:0000d017       $N00036                    1005e017     zlibwapi.exp
 0002:0000d01e       $N00084                    1005e01e     zlibwapi.exp
 0002:0000d027       $N00083                    1005e027     zlibwapi.exp
 0002:0000d039       $N00136                    1005e039     zlibwapi.exp
 0002:0000d050       $N00087                    1005e050     zlibwapi.exp
 0002:0000d065       $N00088                    1005e065     zlibwapi.exp
 0002:0000d06e       $N00131                    1005e06e     zlibwapi.exp
 0002:0000d07a       $N00130                    1005e07a     zlibwapi.exp
 0002:0000d084       $N00080                    1005e084     zlibwapi.exp
 0002:0000d08c       $N00086                    1005e08c     zlibwapi.exp
 0002:0000d0a1       $N00133                    1005e0a1     zlibwapi.exp
 0002:0000d0b9       $N00089                    1005e0b9     zlibwapi.exp
 0002:0000d0ce       $N00134                    1005e0ce     zlibwapi.exp
 0002:0000d0e6       $N00135                    1005e0e6     zlibwapi.exp
 0002:0000d0fe       $N00132                    1005e0fe     zlibwapi.exp
 0002:0000d114       $N00081                    1005e114     zlibwapi.exp
 0002:0000d128       $N00082                    1005e128     zlibwapi.exp
 0002:0000d13c       $N00050                    1005e13c     zlibwapi.exp
 0002:0000d14d       $N00027                    1005e14d     zlibwapi.exp
 0002:0000d348       .idata$6                   1005e348     kernel32:KERNEL32.dll
 0003:00000020       ?__vcrt_flsindex@@3KA      1005f020     libvcruntime:per_thread_data.obj
 0003:00000140       ?errno_no_memory@@3HA      1005f140     libucrt:errno.obj
 0003:00000144       ?doserrno_no_memory@@3KA   1005f144     libucrt:errno.obj
 0003:00000148       ?global_msvcrt_heap_handle_cache@?1??__acrt_get_msvcrt_heap_handle@@9@4PAXA 1005f148     libucrt:free_base.obj
 0003:00000180       ?__acrt_flsindex@@3KA      1005f180     libucrt:per_thread_data.obj
 0003:00000184       __ctype_loc_style          1005f184     libucrt:wsetlocale.obj
 0003:00000308       __mbctypes                 1005f308     libucrt:mbctype.obj
 0003:00000410       __mbcasemaps               1005f410     libucrt:mbctype.obj
 0003:00000510       ?__rgctypeflag@@3PADA      1005f510     libucrt:mbctype.obj
 0003:00000518       ?__rgcode_page_info@@3PAUcode_page_info@@A 1005f518     libucrt:mbctype.obj
 0003:00000890       ?__DAZ_ENABLED@?1??__set_fpsr_sse2@@9@9 1005f890     libucrt:fpctrl.obj
 0003:00000968       ?__proc_attached@@3HA      1005f968     LIBCMT:dll_dllmain.obj
 0003:00000990       ?module_local_atexit_table@@3U_onexit_table_t@@A 1005f990     LIBCMT:utility.obj
 0003:0000099c       ?module_local_at_quick_exit_table@@3U_onexit_table_t@@A 1005f99c     LIBCMT:utility.obj
 0003:000009a8       ?module_local_atexit_table_initialized@@3_NA 1005f9a8     LIBCMT:utility.obj
 0003:000009a9       ?is_initialized_as_dll@@3_NA 1005f9a9     LIBCMT:utility.obj
 0003:000009b8       _GS_ExceptionRecord        1005f9b8     LIBCMT:gs_report.obj
 0003:00000a08       _GS_ContextRecord          1005fa08     LIBCMT:gs_report.obj
 0003:00000cfc       ?heap@@3V_HeapManager@@A   1005fcfc     libvcruntime:undname.obj
 0003:00000d44       ?__vcrt_startup_thread_ptd@@3U__vcrt_ptd@@A 1005fd44     libvcruntime:per_thread_data.obj
 0003:00000d6c       ___vcrt_lock_table         1005fd6c     libvcruntime:locks.obj
 0003:00000d84       ___vcrt_locks_initialized  1005fd84     libvcruntime:locks.obj
 0003:00000d88       ?module_handles@@3PAPAUHINSTANCE__@@A 1005fd88     libvcruntime:winapi_downlevel.obj
 0003:00000d94       ?encoded_function_pointers@@3PAPAXA 1005fd94     libvcruntime:winapi_downlevel.obj
 0003:00000dac       ?c_termination_complete@@3JA 1005fdac     libucrt:exit.obj
 0003:00000db0       ?thread_local_exit_callback_func@@3P6GXPAXK0@ZA 1005fdb0     libucrt:exit.obj
 0003:00000db8       ?program_name@?1???$common_configure_argv@D@@YAHW4_crt_argv_mode@@@Z@4PADA 1005fdb8     libucrt:argv_parsing.obj
 0003:00000ec0       ?program_name@?1???$common_configure_argv@_W@@YAHW4_crt_argv_mode@@@Z@4PA_WA 1005fec0     libucrt:argv_parsing.obj
 0003:000010f4       ?__acrt_invalid_parameter_handler@@3V?$dual_state_global@P6AXPB_W00II@Z@__crt_state_management@@A 100600f4     libucrt:invalid_parameter.obj
 0003:00001314       ?enable_percent_n@@3IA     10060314     libucrt:printf_count_output.obj
 0003:00001320       ?module_handles@@3PAPAUHINSTANCE__@@A 10060320     libucrt:winapi_thunks.obj
 0003:00001370       ?encoded_function_pointers@@3PAPAXA 10060370     libucrt:winapi_thunks.obj
 0003:000013f8       ?static_enum_proc@?1??enum_system_locales_ex_nolock@@YAHQ6GHPA_WKJ@Z@Z@4P6GH0KJ@ZA 100603f8     libucrt:winapi_thunks.obj
 0003:00001400       ?__acrt_lock_table@@3PAU_RTL_CRITICAL_SECTION@@A 10060400     libucrt:locks.obj
 0003:00001550       ?__acrt_locks_initialized@@3IA 10060550     libucrt:locks.obj
 0003:00001554       ?state_cache@?1???$get_cached_win_policy@Ubegin_thread_init_policy_properties@?1??__acrt_get_begin_thread_init_policy@@YA?AW4begin_thread_init_policy@@XZ@@@YA?AW4begin_thread_init_policy@@W4AppPolicyThreadInitializationType@@@Z@4JA 10060554     libucrt:win_policies.obj
 0003:00001558       ?state_cache@?1???$get_cached_win_policy@Udeveloper_information_policy_properties@?1??__acrt_get_developer_information_policy@@YA?AW4developer_information_policy@@XZ@@@YA?AW4developer_information_policy@@W4AppPolicyShowDeveloperDiagnostic@@@Z@4JA 10060558     libucrt:win_policies.obj
 0003:0000155c       ?state_cache@?1???$get_cached_win_policy@Uwindowing_model_policy_properties@?1??__acrt_get_windowing_model_policy@@YA?AW4windowing_model_policy@@XZ@@@YA?AW4windowing_model_policy@@W4AppPolicyWindowingModel@@@Z@4JA 1006055c     libucrt:win_policies.obj
 0003:0000156c       ?fSystemSet@@3HA           1006056c     libucrt:mbctype.obj
 0003:00001570       ?initialized@?1??__acrt_initialize_multibyte@@9@4_NA 10060570     libucrt:mbctype.obj
 0003:00001594       ?__acrt_new_handler@@3V?$dual_state_global@P6AHI@Z@__crt_state_management@@A 10060594     libucrt:new_handler.obj
 0003:00001598       ?console_ctrl_handler_installed@@3_NA 10060598     libucrt:signal.obj
 0003:0000159c       ?ctrlc_action@@3V?$dual_state_global@P6AXH@Z@__crt_state_management@@A 1006059c     libucrt:signal.obj
 0003:000015a0       ?ctrlbreak_action@@3V?$dual_state_global@P6AXH@Z@__crt_state_management@@A 100605a0     libucrt:signal.obj
 0003:000015a4       ?abort_action@@3V?$dual_state_global@P6AXH@Z@__crt_state_management@@A 100605a4     libucrt:signal.obj
 0003:000015a8       ?term_action@@3V?$dual_state_global@P6AXH@Z@__crt_state_management@@A 100605a8     libucrt:signal.obj
 0003:000015ac       ?user_matherr@@3V?$dual_state_global@P6AHPAU_exception@@@Z@__crt_state_management@@A 100605ac     libucrt:matherr.obj
 0003:000015b0       ?__acrt_global_new_mode@@3V?$dual_state_global@J@__crt_state_management@@A 100605b0     libucrt:new_mode.obj
 0003:000015b4       ?__acrt_app_type@@3W4_crt_app_type@@A 100605b4     libucrt:report_runtime_error.obj
 0003:000015b8       ?outmsg@?9??__acrt_report_runtime_error@@9@4PA_WA 100605b8     libucrt:report_runtime_error.obj
 0003:00001bf0       ___acrt_error_mode         10060bf0     libucrt:set_error_mode.obj
 0003:00001bf8       __pmatherr_set             10060bf8     libucrt:libm_error.obj
 0003:00001bfc       ?calls@?1??crypthead@@9@9  10060bfc     zip.obj
 0004:00000060       $R000000                   10061060     zlib.res
